Archive member included because of file (symbol)

/usr/lib/gcc/avr/4.7.2/avr5/libgcc.a(_exit.o)
                              /usr/lib/gcc/avr/4.7.2/../../../../avr/lib/avr5/crtm32u4.o (exit)
/usr/lib/gcc/avr/4.7.2/avr5/libgcc.a(_copy_data.o)
                              main.o (__do_copy_data)
/usr/lib/gcc/avr/4.7.2/avr5/libgcc.a(_clear_bss.o)
                              main.o (__do_clear_bss)
/usr/lib/gcc/avr/4.7.2/avr5/libgcc.a(_ge_sf.o)
                              menu.o (__gesf2)
/usr/lib/gcc/avr/4.7.2/avr5/libgcc.a(_lt_sf.o)
                              menu.o (__ltsf2)
/usr/lib/gcc/avr/4.7.2/avr5/libgcc.a(_si_to_sf.o)
                              menu.o (__floatsisf)
/usr/lib/gcc/avr/4.7.2/avr5/libgcc.a(_prologue.o)
                              /usr/lib/gcc/avr/4.7.2/avr5/libgcc.a(_ge_sf.o) (__prologue_saves__)
/usr/lib/gcc/avr/4.7.2/avr5/libgcc.a(_epilogue.o)
                              /usr/lib/gcc/avr/4.7.2/avr5/libgcc.a(_ge_sf.o) (__epilogue_restores__)
/usr/lib/gcc/avr/4.7.2/avr5/libgcc.a(_clzsi2.o)
                              /usr/lib/gcc/avr/4.7.2/avr5/libgcc.a(_si_to_sf.o) (__clzsi2)
/usr/lib/gcc/avr/4.7.2/avr5/libgcc.a(_clzhi2.o)
                              /usr/lib/gcc/avr/4.7.2/avr5/libgcc.a(_clzsi2.o) (__clzhi2)
/usr/lib/gcc/avr/4.7.2/avr5/libgcc.a(_pack_sf.o)
                              /usr/lib/gcc/avr/4.7.2/avr5/libgcc.a(_si_to_sf.o) (__pack_f)
/usr/lib/gcc/avr/4.7.2/avr5/libgcc.a(_unpack_sf.o)
                              /usr/lib/gcc/avr/4.7.2/avr5/libgcc.a(_ge_sf.o) (__unpack_f)
/usr/lib/gcc/avr/4.7.2/avr5/libgcc.a(_fpcmp_parts_sf.o)
                              /usr/lib/gcc/avr/4.7.2/avr5/libgcc.a(_ge_sf.o) (__fpcmp_parts_f)
/usr/lib/gcc/avr/4.7.2/../../../../avr/lib/avr5/libc.a(iob.o)
                              LUFA/Drivers/Peripheral/AVR8/Serial_AVR8.o (__iob)
/usr/lib/gcc/avr/4.7.2/../../../../avr/lib/avr5/libc.a(sprintf.o)
                              menu.o (sprintf)
/usr/lib/gcc/avr/4.7.2/../../../../avr/lib/avr5/libc.a(vfprintf_std.o)
                              /usr/lib/gcc/avr/4.7.2/../../../../avr/lib/avr5/libc.a(sprintf.o) (vfprintf)
/usr/lib/gcc/avr/4.7.2/../../../../avr/lib/avr5/libc.a(eerd_byte_atmega32u4.o)
                              LUFA/Drivers/USB/Core/AVR8/EndpointStream_AVR8.o (__eerd_byte_m32u4)
/usr/lib/gcc/avr/4.7.2/../../../../avr/lib/avr5/libc.a(eeupd_byte_atmega32u4.o)
                              LUFA/Drivers/USB/Core/AVR8/EndpointStream_AVR8.o (__eeupd_byte_m32u4)
/usr/lib/gcc/avr/4.7.2/../../../../avr/lib/avr5/libc.a(strnlen_P.o)
                              /usr/lib/gcc/avr/4.7.2/../../../../avr/lib/avr5/libc.a(vfprintf_std.o) (strnlen_P)
/usr/lib/gcc/avr/4.7.2/../../../../avr/lib/avr5/libc.a(strnlen.o)
                              /usr/lib/gcc/avr/4.7.2/../../../../avr/lib/avr5/libc.a(vfprintf_std.o) (strnlen)
/usr/lib/gcc/avr/4.7.2/../../../../avr/lib/avr5/libc.a(fputc.o)
                              /usr/lib/gcc/avr/4.7.2/../../../../avr/lib/avr5/libc.a(vfprintf_std.o) (fputc)
/usr/lib/gcc/avr/4.7.2/../../../../avr/lib/avr5/libc.a(ultoa_invert.o)
                              /usr/lib/gcc/avr/4.7.2/../../../../avr/lib/avr5/libc.a(vfprintf_std.o) (__ultoa_invert)

Allocating common symbols
Common symbol       size              file

USB_IsInitialized   0x1               LUFA/Drivers/USB/Core/USBTask.o
USB_DeviceState     0x1               LUFA/Drivers/USB/Core/USBTask.o
USB_Device_ConfigurationNumber
                    0x1               LUFA/Drivers/USB/Core/DeviceStandardReq.o
USB_Device_CurrentlySelfPowered
                    0x1               LUFA/Drivers/USB/Core/DeviceStandardReq.o
USARTSerialStream   0xe               LUFA/Drivers/Peripheral/AVR8/Serial_AVR8.o
USB_ControlRequest  0x8               LUFA/Drivers/USB/Core/USBTask.o
USB_Device_RemoteWakeupEnabled
                    0x1               LUFA/Drivers/USB/Core/DeviceStandardReq.o
__iob               0x6               /usr/lib/gcc/avr/4.7.2/../../../../avr/lib/avr5/libc.a(iob.o)

Discarded input sections

 .bss           0x0000000000000000        0x0 /usr/lib/gcc/avr/4.7.2/../../../../avr/lib/avr5/crtm32u4.o
 .text          0x0000000000000000        0x0 main.o
 .bss           0x0000000000000000        0x1 main.o
 .text.CDCsend  0x0000000000000000       0x7e main.o
 .text.CDCrecieve
                0x0000000000000000       0x1c main.o
 .text          0x0000000000000000        0x0 Descriptors.o
 .bss           0x0000000000000000        0x0 Descriptors.o
 .text          0x0000000000000000        0x0 LUFA/Drivers/USB/Core/AVR8/Device_AVR8.o
 .bss           0x0000000000000000        0x0 LUFA/Drivers/USB/Core/AVR8/Device_AVR8.o
 .text.USB_Device_SendRemoteWakeup
                0x0000000000000000       0x2a LUFA/Drivers/USB/Core/AVR8/Device_AVR8.o
 .text          0x0000000000000000        0x0 LUFA/Drivers/USB/Core/AVR8/Endpoint_AVR8.o
 .bss           0x0000000000000000        0x0 LUFA/Drivers/USB/Core/AVR8/Endpoint_AVR8.o
 .text.Endpoint_ConfigureEndpointTable
                0x0000000000000000       0x80 LUFA/Drivers/USB/Core/AVR8/Endpoint_AVR8.o
 .text.Endpoint_ClearEndpoints
                0x0000000000000000       0x28 LUFA/Drivers/USB/Core/AVR8/Endpoint_AVR8.o
 .text.Endpoint_WaitUntilReady
                0x0000000000000000       0x64 LUFA/Drivers/USB/Core/AVR8/Endpoint_AVR8.o
 .text          0x0000000000000000        0x0 LUFA/Drivers/USB/Core/AVR8/Host_AVR8.o
 .bss           0x0000000000000000        0x0 LUFA/Drivers/USB/Core/AVR8/Host_AVR8.o
 .text          0x0000000000000000        0x0 LUFA/Drivers/USB/Core/AVR8/Pipe_AVR8.o
 .bss           0x0000000000000000        0x0 LUFA/Drivers/USB/Core/AVR8/Pipe_AVR8.o
 .text          0x0000000000000000        0x0 LUFA/Drivers/USB/Core/AVR8/USBController_AVR8.o
 .bss           0x0000000000000000        0x0 LUFA/Drivers/USB/Core/AVR8/USBController_AVR8.o
 .text.USB_Disable
                0x0000000000000000       0x34 LUFA/Drivers/USB/Core/AVR8/USBController_AVR8.o
 .text.USB_ResetInterface
                0x0000000000000000       0x86 LUFA/Drivers/USB/Core/AVR8/USBController_AVR8.o
 .text.USB_Init
                0x0000000000000000       0x22 LUFA/Drivers/USB/Core/AVR8/USBController_AVR8.o
 .text          0x0000000000000000        0x0 LUFA/Drivers/USB/Core/AVR8/USBInterrupt_AVR8.o
 .bss           0x0000000000000000        0x0 LUFA/Drivers/USB/Core/AVR8/USBInterrupt_AVR8.o
 .text.USB_INT_DisableAllInterrupts
                0x0000000000000000       0x10 LUFA/Drivers/USB/Core/AVR8/USBInterrupt_AVR8.o
 .text.USB_INT_ClearAllInterrupts
                0x0000000000000000        0xa LUFA/Drivers/USB/Core/AVR8/USBInterrupt_AVR8.o
 .text          0x0000000000000000        0x0 LUFA/Drivers/USB/Core/AVR8/EndpointStream_AVR8.o
 .bss           0x0000000000000000        0x0 LUFA/Drivers/USB/Core/AVR8/EndpointStream_AVR8.o
 .text.Endpoint_Discard_Stream
                0x0000000000000000       0x8a LUFA/Drivers/USB/Core/AVR8/EndpointStream_AVR8.o
 .text.Endpoint_Null_Stream
                0x0000000000000000       0x8a LUFA/Drivers/USB/Core/AVR8/EndpointStream_AVR8.o
 .text.Endpoint_Write_Stream_LE
                0x0000000000000000       0xa2 LUFA/Drivers/USB/Core/AVR8/EndpointStream_AVR8.o
 .text.Endpoint_Write_Stream_BE
                0x0000000000000000       0xb0 LUFA/Drivers/USB/Core/AVR8/EndpointStream_AVR8.o
 .text.Endpoint_Read_Stream_LE
                0x0000000000000000       0xa2 LUFA/Drivers/USB/Core/AVR8/EndpointStream_AVR8.o
 .text.Endpoint_Read_Stream_BE
                0x0000000000000000       0xb0 LUFA/Drivers/USB/Core/AVR8/EndpointStream_AVR8.o
 .text.Endpoint_Write_PStream_LE
                0x0000000000000000       0xa6 LUFA/Drivers/USB/Core/AVR8/EndpointStream_AVR8.o
 .text.Endpoint_Write_PStream_BE
                0x0000000000000000       0xb2 LUFA/Drivers/USB/Core/AVR8/EndpointStream_AVR8.o
 .text.Endpoint_Write_EStream_LE
                0x0000000000000000       0xa8 LUFA/Drivers/USB/Core/AVR8/EndpointStream_AVR8.o
 .text.Endpoint_Write_EStream_BE
                0x0000000000000000       0xb4 LUFA/Drivers/USB/Core/AVR8/EndpointStream_AVR8.o
 .text.Endpoint_Read_EStream_LE
                0x0000000000000000       0xac LUFA/Drivers/USB/Core/AVR8/EndpointStream_AVR8.o
 .text.Endpoint_Read_EStream_BE
                0x0000000000000000       0xb4 LUFA/Drivers/USB/Core/AVR8/EndpointStream_AVR8.o
 .text.Endpoint_Write_Control_Stream_BE
                0x0000000000000000       0xc6 LUFA/Drivers/USB/Core/AVR8/EndpointStream_AVR8.o
 .text.Endpoint_Read_Control_Stream_BE
                0x0000000000000000       0x86 LUFA/Drivers/USB/Core/AVR8/EndpointStream_AVR8.o
 .text.Endpoint_Write_Control_PStream_BE
                0x0000000000000000       0xc6 LUFA/Drivers/USB/Core/AVR8/EndpointStream_AVR8.o
 .text.Endpoint_Write_Control_EStream_LE
                0x0000000000000000       0xf4 LUFA/Drivers/USB/Core/AVR8/EndpointStream_AVR8.o
 .text.Endpoint_Write_Control_EStream_BE
                0x0000000000000000      0x102 LUFA/Drivers/USB/Core/AVR8/EndpointStream_AVR8.o
 .text.Endpoint_Read_Control_EStream_LE
                0x0000000000000000       0xa4 LUFA/Drivers/USB/Core/AVR8/EndpointStream_AVR8.o
 .text.Endpoint_Read_Control_EStream_BE
                0x0000000000000000       0xa2 LUFA/Drivers/USB/Core/AVR8/EndpointStream_AVR8.o
 .text          0x0000000000000000        0x0 LUFA/Drivers/USB/Core/AVR8/PipeStream_AVR8.o
 .bss           0x0000000000000000        0x0 LUFA/Drivers/USB/Core/AVR8/PipeStream_AVR8.o
 .text          0x0000000000000000        0x0 LUFA/Drivers/USB/Core/ConfigDescriptors.o
 .bss           0x0000000000000000        0x0 LUFA/Drivers/USB/Core/ConfigDescriptors.o
 .text.USB_GetNextDescriptor
                0x0000000000000000       0x38 LUFA/Drivers/USB/Core/ConfigDescriptors.o
 .text.USB_GetNextDescriptorOfType
                0x0000000000000000       0x4a LUFA/Drivers/USB/Core/ConfigDescriptors.o
 .text.USB_GetNextDescriptorOfTypeBefore
                0x0000000000000000       0x5c LUFA/Drivers/USB/Core/ConfigDescriptors.o
 .text.USB_GetNextDescriptorOfTypeAfter
                0x0000000000000000       0x3e LUFA/Drivers/USB/Core/ConfigDescriptors.o
 .text.USB_GetNextDescriptorComp
                0x0000000000000000       0x68 LUFA/Drivers/USB/Core/ConfigDescriptors.o
 .text          0x0000000000000000        0x0 LUFA/Drivers/USB/Core/DeviceStandardReq.o
 .bss           0x0000000000000000        0x0 LUFA/Drivers/USB/Core/DeviceStandardReq.o
 .text          0x0000000000000000        0x0 LUFA/Drivers/USB/Core/Events.o
 .bss           0x0000000000000000        0x0 LUFA/Drivers/USB/Core/Events.o
 .text          0x0000000000000000        0x0 LUFA/Drivers/USB/Core/HostStandardReq.o
 .bss           0x0000000000000000        0x0 LUFA/Drivers/USB/Core/HostStandardReq.o
 .text          0x0000000000000000        0x0 LUFA/Drivers/USB/Core/USBTask.o
 .bss           0x0000000000000000        0x0 LUFA/Drivers/USB/Core/USBTask.o
 .text          0x0000000000000000        0x0 LUFA/Drivers/USB/Class/Common/HIDParser.o
 .bss           0x0000000000000000        0x0 LUFA/Drivers/USB/Class/Common/HIDParser.o
 .text.USB_ProcessHIDReport
                0x0000000000000000      0x6cc LUFA/Drivers/USB/Class/Common/HIDParser.o
 .text.USB_GetHIDReportItemInfo
                0x0000000000000000       0xbc LUFA/Drivers/USB/Class/Common/HIDParser.o
 .text.USB_SetHIDReportItemInfo
                0x0000000000000000       0xec LUFA/Drivers/USB/Class/Common/HIDParser.o
 .text.USB_GetHIDReportSize
                0x0000000000000000       0x60 LUFA/Drivers/USB/Class/Common/HIDParser.o
 .text          0x0000000000000000        0x0 LUFA/Drivers/Peripheral/AVR8/Serial_AVR8.o
 .bss           0x0000000000000000        0x0 LUFA/Drivers/Peripheral/AVR8/Serial_AVR8.o
 .text.Serial_putchar
                0x0000000000000000       0x12 LUFA/Drivers/Peripheral/AVR8/Serial_AVR8.o
 .text.Serial_getchar
                0x0000000000000000       0x26 LUFA/Drivers/Peripheral/AVR8/Serial_AVR8.o
 .text.Serial_getchar_Blocking
                0x0000000000000000       0x20 LUFA/Drivers/Peripheral/AVR8/Serial_AVR8.o
 .text.Serial_SendString_P
                0x0000000000000000       0x1a LUFA/Drivers/Peripheral/AVR8/Serial_AVR8.o
 .text.Serial_SendData
                0x0000000000000000       0x20 LUFA/Drivers/Peripheral/AVR8/Serial_AVR8.o
 .text.Serial_CreateStream
                0x0000000000000000       0x3c LUFA/Drivers/Peripheral/AVR8/Serial_AVR8.o
 .text.Serial_CreateBlockingStream
                0x0000000000000000       0x3c LUFA/Drivers/Peripheral/AVR8/Serial_AVR8.o
 COMMON         0x0000000000000000        0xe LUFA/Drivers/Peripheral/AVR8/Serial_AVR8.o
 .text          0x0000000000000000        0x0 menu.o
 .text.ADC_SetupChannel.part.0
                0x0000000000000000        0xe menu.o
 .text          0x0000000000000000        0x0 /usr/lib/gcc/avr/4.7.2/avr5/libgcc.a(_exit.o)
 .bss           0x0000000000000000        0x0 /usr/lib/gcc/avr/4.7.2/avr5/libgcc.a(_exit.o)
 .text.libgcc.mul
                0x0000000000000000        0x0 /usr/lib/gcc/avr/4.7.2/avr5/libgcc.a(_exit.o)
 .text.libgcc.div
                0x0000000000000000        0x0 /usr/lib/gcc/avr/4.7.2/avr5/libgcc.a(_exit.o)
 .text.libgcc   0x0000000000000000        0x0 /usr/lib/gcc/avr/4.7.2/avr5/libgcc.a(_exit.o)
 .text.libgcc.prologue
                0x0000000000000000        0x0 /usr/lib/gcc/avr/4.7.2/avr5/libgcc.a(_exit.o)
 .text.libgcc.builtins
                0x0000000000000000        0x0 /usr/lib/gcc/avr/4.7.2/avr5/libgcc.a(_exit.o)
 .text.libgcc.fmul
                0x0000000000000000        0x0 /usr/lib/gcc/avr/4.7.2/avr5/libgcc.a(_exit.o)
 .text          0x0000000000000000        0x0 /usr/lib/gcc/avr/4.7.2/avr5/libgcc.a(_copy_data.o)
 .bss           0x0000000000000000        0x0 /usr/lib/gcc/avr/4.7.2/avr5/libgcc.a(_copy_data.o)
 .text.libgcc.mul
                0x0000000000000000        0x0 /usr/lib/gcc/avr/4.7.2/avr5/libgcc.a(_copy_data.o)
 .text.libgcc.div
                0x0000000000000000        0x0 /usr/lib/gcc/avr/4.7.2/avr5/libgcc.a(_copy_data.o)
 .text.libgcc   0x0000000000000000        0x0 /usr/lib/gcc/avr/4.7.2/avr5/libgcc.a(_copy_data.o)
 .text.libgcc.prologue
                0x0000000000000000        0x0 /usr/lib/gcc/avr/4.7.2/avr5/libgcc.a(_copy_data.o)
 .text.libgcc.builtins
                0x0000000000000000        0x0 /usr/lib/gcc/avr/4.7.2/avr5/libgcc.a(_copy_data.o)
 .text.libgcc.fmul
                0x0000000000000000        0x0 /usr/lib/gcc/avr/4.7.2/avr5/libgcc.a(_copy_data.o)
 .text          0x0000000000000000        0x0 /usr/lib/gcc/avr/4.7.2/avr5/libgcc.a(_clear_bss.o)
 .bss           0x0000000000000000        0x0 /usr/lib/gcc/avr/4.7.2/avr5/libgcc.a(_clear_bss.o)
 .text.libgcc.mul
                0x0000000000000000        0x0 /usr/lib/gcc/avr/4.7.2/avr5/libgcc.a(_clear_bss.o)
 .text.libgcc.div
                0x0000000000000000        0x0 /usr/lib/gcc/avr/4.7.2/avr5/libgcc.a(_clear_bss.o)
 .text.libgcc   0x0000000000000000        0x0 /usr/lib/gcc/avr/4.7.2/avr5/libgcc.a(_clear_bss.o)
 .text.libgcc.prologue
                0x0000000000000000        0x0 /usr/lib/gcc/avr/4.7.2/avr5/libgcc.a(_clear_bss.o)
 .text.libgcc.builtins
                0x0000000000000000        0x0 /usr/lib/gcc/avr/4.7.2/avr5/libgcc.a(_clear_bss.o)
 .text.libgcc.fmul
                0x0000000000000000        0x0 /usr/lib/gcc/avr/4.7.2/avr5/libgcc.a(_clear_bss.o)
 .bss           0x0000000000000000        0x0 /usr/lib/gcc/avr/4.7.2/avr5/libgcc.a(_ge_sf.o)
 .bss           0x0000000000000000        0x0 /usr/lib/gcc/avr/4.7.2/avr5/libgcc.a(_lt_sf.o)
 .bss           0x0000000000000000        0x0 /usr/lib/gcc/avr/4.7.2/avr5/libgcc.a(_si_to_sf.o)
 .text          0x0000000000000000        0x0 /usr/lib/gcc/avr/4.7.2/avr5/libgcc.a(_prologue.o)
 .bss           0x0000000000000000        0x0 /usr/lib/gcc/avr/4.7.2/avr5/libgcc.a(_prologue.o)
 .text.libgcc.mul
                0x0000000000000000        0x0 /usr/lib/gcc/avr/4.7.2/avr5/libgcc.a(_prologue.o)
 .text.libgcc.div
                0x0000000000000000        0x0 /usr/lib/gcc/avr/4.7.2/avr5/libgcc.a(_prologue.o)
 .text.libgcc   0x0000000000000000        0x0 /usr/lib/gcc/avr/4.7.2/avr5/libgcc.a(_prologue.o)
 .text.libgcc.builtins
                0x0000000000000000        0x0 /usr/lib/gcc/avr/4.7.2/avr5/libgcc.a(_prologue.o)
 .text.libgcc.fmul
                0x0000000000000000        0x0 /usr/lib/gcc/avr/4.7.2/avr5/libgcc.a(_prologue.o)
 .text          0x0000000000000000        0x0 /usr/lib/gcc/avr/4.7.2/avr5/libgcc.a(_epilogue.o)
 .bss           0x0000000000000000        0x0 /usr/lib/gcc/avr/4.7.2/avr5/libgcc.a(_epilogue.o)
 .text.libgcc.mul
                0x0000000000000000        0x0 /usr/lib/gcc/avr/4.7.2/avr5/libgcc.a(_epilogue.o)
 .text.libgcc.div
                0x0000000000000000        0x0 /usr/lib/gcc/avr/4.7.2/avr5/libgcc.a(_epilogue.o)
 .text.libgcc   0x0000000000000000        0x0 /usr/lib/gcc/avr/4.7.2/avr5/libgcc.a(_epilogue.o)
 .text.libgcc.builtins
                0x0000000000000000        0x0 /usr/lib/gcc/avr/4.7.2/avr5/libgcc.a(_epilogue.o)
 .text.libgcc.fmul
                0x0000000000000000        0x0 /usr/lib/gcc/avr/4.7.2/avr5/libgcc.a(_epilogue.o)
 .text          0x0000000000000000        0x0 /usr/lib/gcc/avr/4.7.2/avr5/libgcc.a(_clzsi2.o)
 .bss           0x0000000000000000        0x0 /usr/lib/gcc/avr/4.7.2/avr5/libgcc.a(_clzsi2.o)
 .text.libgcc.mul
                0x0000000000000000        0x0 /usr/lib/gcc/avr/4.7.2/avr5/libgcc.a(_clzsi2.o)
 .text.libgcc.div
                0x0000000000000000        0x0 /usr/lib/gcc/avr/4.7.2/avr5/libgcc.a(_clzsi2.o)
 .text.libgcc   0x0000000000000000        0x0 /usr/lib/gcc/avr/4.7.2/avr5/libgcc.a(_clzsi2.o)
 .text.libgcc.prologue
                0x0000000000000000        0x0 /usr/lib/gcc/avr/4.7.2/avr5/libgcc.a(_clzsi2.o)
 .text.libgcc.fmul
                0x0000000000000000        0x0 /usr/lib/gcc/avr/4.7.2/avr5/libgcc.a(_clzsi2.o)
 .text          0x0000000000000000        0x0 /usr/lib/gcc/avr/4.7.2/avr5/libgcc.a(_clzhi2.o)
 .bss           0x0000000000000000        0x0 /usr/lib/gcc/avr/4.7.2/avr5/libgcc.a(_clzhi2.o)
 .text.libgcc.mul
                0x0000000000000000        0x0 /usr/lib/gcc/avr/4.7.2/avr5/libgcc.a(_clzhi2.o)
 .text.libgcc.div
                0x0000000000000000        0x0 /usr/lib/gcc/avr/4.7.2/avr5/libgcc.a(_clzhi2.o)
 .text.libgcc   0x0000000000000000        0x0 /usr/lib/gcc/avr/4.7.2/avr5/libgcc.a(_clzhi2.o)
 .text.libgcc.prologue
                0x0000000000000000        0x0 /usr/lib/gcc/avr/4.7.2/avr5/libgcc.a(_clzhi2.o)
 .text.libgcc.fmul
                0x0000000000000000        0x0 /usr/lib/gcc/avr/4.7.2/avr5/libgcc.a(_clzhi2.o)
 .bss           0x0000000000000000        0x0 /usr/lib/gcc/avr/4.7.2/avr5/libgcc.a(_pack_sf.o)
 .bss           0x0000000000000000        0x0 /usr/lib/gcc/avr/4.7.2/avr5/libgcc.a(_unpack_sf.o)
 .bss           0x0000000000000000        0x0 /usr/lib/gcc/avr/4.7.2/avr5/libgcc.a(_fpcmp_parts_sf.o)
 .text          0x0000000000000000        0x0 /usr/lib/gcc/avr/4.7.2/../../../../avr/lib/avr5/libc.a(iob.o)
 .bss           0x0000000000000000        0x0 /usr/lib/gcc/avr/4.7.2/../../../../avr/lib/avr5/libc.a(iob.o)
 COMMON         0x0000000000000000        0x6 /usr/lib/gcc/avr/4.7.2/../../../../avr/lib/avr5/libc.a(iob.o)
 .text          0x0000000000000000        0x0 /usr/lib/gcc/avr/4.7.2/../../../../avr/lib/avr5/libc.a(sprintf.o)
 .bss           0x0000000000000000        0x0 /usr/lib/gcc/avr/4.7.2/../../../../avr/lib/avr5/libc.a(sprintf.o)
 .text          0x0000000000000000        0x0 /usr/lib/gcc/avr/4.7.2/../../../../avr/lib/avr5/libc.a(vfprintf_std.o)
 .bss           0x0000000000000000        0x0 /usr/lib/gcc/avr/4.7.2/../../../../avr/lib/avr5/libc.a(vfprintf_std.o)
 .text          0x0000000000000000        0x0 /usr/lib/gcc/avr/4.7.2/../../../../avr/lib/avr5/libc.a(eerd_byte_atmega32u4.o)
 .bss           0x0000000000000000        0x0 /usr/lib/gcc/avr/4.7.2/../../../../avr/lib/avr5/libc.a(eerd_byte_atmega32u4.o)
 .text.avr-libc
                0x0000000000000000       0x10 /usr/lib/gcc/avr/4.7.2/../../../../avr/lib/avr5/libc.a(eerd_byte_atmega32u4.o)
 .text          0x0000000000000000        0x0 /usr/lib/gcc/avr/4.7.2/../../../../avr/lib/avr5/libc.a(eeupd_byte_atmega32u4.o)
 .bss           0x0000000000000000        0x0 /usr/lib/gcc/avr/4.7.2/../../../../avr/lib/avr5/libc.a(eeupd_byte_atmega32u4.o)
 .text.avr-libc
                0x0000000000000000       0x24 /usr/lib/gcc/avr/4.7.2/../../../../avr/lib/avr5/libc.a(eeupd_byte_atmega32u4.o)
 .text          0x0000000000000000        0x0 /usr/lib/gcc/avr/4.7.2/../../../../avr/lib/avr5/libc.a(strnlen_P.o)
 .bss           0x0000000000000000        0x0 /usr/lib/gcc/avr/4.7.2/../../../../avr/lib/avr5/libc.a(strnlen_P.o)
 .text          0x0000000000000000        0x0 /usr/lib/gcc/avr/4.7.2/../../../../avr/lib/avr5/libc.a(strnlen.o)
 .bss           0x0000000000000000        0x0 /usr/lib/gcc/avr/4.7.2/../../../../avr/lib/avr5/libc.a(strnlen.o)
 .text          0x0000000000000000        0x0 /usr/lib/gcc/avr/4.7.2/../../../../avr/lib/avr5/libc.a(fputc.o)
 .bss           0x0000000000000000        0x0 /usr/lib/gcc/avr/4.7.2/../../../../avr/lib/avr5/libc.a(fputc.o)
 .text          0x0000000000000000        0x0 /usr/lib/gcc/avr/4.7.2/../../../../avr/lib/avr5/libc.a(ultoa_invert.o)
 .bss           0x0000000000000000        0x0 /usr/lib/gcc/avr/4.7.2/../../../../avr/lib/avr5/libc.a(ultoa_invert.o)

Memory Configuration

Name             Origin             Length             Attributes
text             0x0000000000000000 0x0000000000020000 xr
data             0x0000000000800060 0x000000000000ffa0 rw !x
eeprom           0x0000000000810000 0x0000000000010000 rw !x
fuse             0x0000000000820000 0x0000000000000400 rw !x
lock             0x0000000000830000 0x0000000000000400 rw !x
signature        0x0000000000840000 0x0000000000000400 rw !x
*default*        0x0000000000000000 0xffffffffffffffff

Linker script and memory map

Address of section .data set to 0x800100
LOAD /usr/lib/gcc/avr/4.7.2/../../../../avr/lib/avr5/crtm32u4.o
LOAD /usr/lib/gcc/avr/4.7.2/../../../../avr/lib/avr5/libm.a
LOAD main.o
LOAD Descriptors.o
LOAD LUFA/Drivers/USB/Core/AVR8/Device_AVR8.o
LOAD LUFA/Drivers/USB/Core/AVR8/Endpoint_AVR8.o
LOAD LUFA/Drivers/USB/Core/AVR8/Host_AVR8.o
LOAD LUFA/Drivers/USB/Core/AVR8/Pipe_AVR8.o
LOAD LUFA/Drivers/USB/Core/AVR8/USBController_AVR8.o
LOAD LUFA/Drivers/USB/Core/AVR8/USBInterrupt_AVR8.o
LOAD LUFA/Drivers/USB/Core/AVR8/EndpointStream_AVR8.o
LOAD LUFA/Drivers/USB/Core/AVR8/PipeStream_AVR8.o
LOAD LUFA/Drivers/USB/Core/ConfigDescriptors.o
LOAD LUFA/Drivers/USB/Core/DeviceStandardReq.o
LOAD LUFA/Drivers/USB/Core/Events.o
LOAD LUFA/Drivers/USB/Core/HostStandardReq.o
LOAD LUFA/Drivers/USB/Core/USBTask.o
LOAD LUFA/Drivers/USB/Class/Common/HIDParser.o
LOAD LUFA/Drivers/Peripheral/AVR8/Serial_AVR8.o
LOAD menu.o
LOAD /usr/lib/gcc/avr/4.7.2/avr5/libgcc.a
LOAD /usr/lib/gcc/avr/4.7.2/../../../../avr/lib/avr5/libc.a
LOAD /usr/lib/gcc/avr/4.7.2/avr5/libgcc.a

.hash
 *(.hash)

.dynsym
 *(.dynsym)

.dynstr
 *(.dynstr)

.gnu.version
 *(.gnu.version)

.gnu.version_d
 *(.gnu.version_d)

.gnu.version_r
 *(.gnu.version_r)

.rel.init
 *(.rel.init)

.rela.init
 *(.rela.init)

.rel.text
 *(.rel.text)
 *(.rel.text.*)
 *(.rel.gnu.linkonce.t*)

.rela.text
 *(.rela.text)
 *(.rela.text.*)
 *(.rela.gnu.linkonce.t*)

.rel.fini
 *(.rel.fini)

.rela.fini
 *(.rela.fini)

.rel.rodata
 *(.rel.rodata)
 *(.rel.rodata.*)
 *(.rel.gnu.linkonce.r*)

.rela.rodata
 *(.rela.rodata)
 *(.rela.rodata.*)
 *(.rela.gnu.linkonce.r*)

.rel.data
 *(.rel.data)
 *(.rel.data.*)
 *(.rel.gnu.linkonce.d*)

.rela.data
 *(.rela.data)
 *(.rela.data.*)
 *(.rela.gnu.linkonce.d*)

.rel.ctors
 *(.rel.ctors)

.rela.ctors
 *(.rela.ctors)

.rel.dtors
 *(.rel.dtors)

.rela.dtors
 *(.rela.dtors)

.rel.got
 *(.rel.got)

.rela.got
 *(.rela.got)

.rel.bss
 *(.rel.bss)

.rela.bss
 *(.rela.bss)

.rel.plt
 *(.rel.plt)

.rela.plt
 *(.rela.plt)

.text           0x0000000000000000     0x1b10
 *(.vectors)
 .vectors       0x0000000000000000       0xac /usr/lib/gcc/avr/4.7.2/../../../../avr/lib/avr5/crtm32u4.o
                0x0000000000000000                __vectors
                0x0000000000000000                __vector_default
 *(.vectors)
 *(.progmem.gcc*)
 *(.progmem*)
 .progmem.data  0x00000000000000ac       0x8c Descriptors.o
                0x00000000000000ac                ProductString
                0x00000000000000ca                ManufacturerString
                0x00000000000000e4                LanguageString
                0x00000000000000e8                ConfigurationDescriptor
                0x0000000000000126                DeviceDescriptor
                0x0000000000000138                . = ALIGN (0x2)
                0x0000000000000138                __trampolines_start = .
 *(.trampolines)
 .trampolines   0x0000000000000138        0x0 linker stubs
 *(.trampolines*)
                0x0000000000000138                __trampolines_end = .
 *(.jumptables)
 *(.jumptables*)
 *(.lowtext)
 *(.lowtext*)
                0x0000000000000138                __ctors_start = .
 *(.ctors)
                0x0000000000000138                __ctors_end = .
                0x0000000000000138                __dtors_start = .
 *(.dtors)
                0x0000000000000138                __dtors_end = .
 SORT(*)(.ctors)
 SORT(*)(.dtors)
 *(.init0)
 .init0         0x0000000000000138        0x0 /usr/lib/gcc/avr/4.7.2/../../../../avr/lib/avr5/crtm32u4.o
                0x0000000000000138                __init
 *(.init0)
 *(.init1)
 *(.init1)
 *(.init2)
 .init2         0x0000000000000138        0xc /usr/lib/gcc/avr/4.7.2/../../../../avr/lib/avr5/crtm32u4.o
 *(.init2)
 *(.init3)
 *(.init3)
 *(.init4)
 .init4         0x0000000000000144       0x16 /usr/lib/gcc/avr/4.7.2/avr5/libgcc.a(_copy_data.o)
                0x0000000000000144                __do_copy_data
 .init4         0x000000000000015a       0x10 /usr/lib/gcc/avr/4.7.2/avr5/libgcc.a(_clear_bss.o)
                0x000000000000015a                __do_clear_bss
 *(.init4)
 *(.init5)
 *(.init5)
 *(.init6)
 *(.init6)
 *(.init7)
 *(.init7)
 *(.init8)
 *(.init8)
 *(.init9)
 .init9         0x000000000000016a        0x6 /usr/lib/gcc/avr/4.7.2/../../../../avr/lib/avr5/crtm32u4.o
 *(.init9)
 *(.text)
 .text          0x0000000000000170        0x2 /usr/lib/gcc/avr/4.7.2/../../../../avr/lib/avr5/crtm32u4.o
                0x0000000000000170                __vector_38
                0x0000000000000170                __vector_22
                0x0000000000000170                __vector_28
                0x0000000000000170                __vector_1
                0x0000000000000170                __vector_32
                0x0000000000000170                __vector_34
                0x0000000000000170                __vector_24
                0x0000000000000170                __vector_12
                0x0000000000000170                __bad_interrupt
                0x0000000000000170                __vector_6
                0x0000000000000170                __vector_31
                0x0000000000000170                __vector_35
                0x0000000000000170                __vector_39
                0x0000000000000170                __vector_3
                0x0000000000000170                __vector_23
                0x0000000000000170                __vector_30
                0x0000000000000170                __vector_25
                0x0000000000000170                __vector_11
                0x0000000000000170                __vector_13
                0x0000000000000170                __vector_17
                0x0000000000000170                __vector_19
                0x0000000000000170                __vector_7
                0x0000000000000170                __vector_41
                0x0000000000000170                __vector_27
                0x0000000000000170                __vector_5
                0x0000000000000170                __vector_33
                0x0000000000000170                __vector_37
                0x0000000000000170                __vector_4
                0x0000000000000170                __vector_9
                0x0000000000000170                __vector_2
                0x0000000000000170                __vector_21
                0x0000000000000170                __vector_15
                0x0000000000000170                __vector_36
                0x0000000000000170                __vector_29
                0x0000000000000170                __vector_40
                0x0000000000000170                __vector_8
                0x0000000000000170                __vector_26
                0x0000000000000170                __vector_14
                0x0000000000000170                __vector_16
                0x0000000000000170                __vector_18
                0x0000000000000170                __vector_20
                0x0000000000000170                __vector_42
 .text          0x0000000000000172       0x58 /usr/lib/gcc/avr/4.7.2/avr5/libgcc.a(_ge_sf.o)
                0x0000000000000172                __gesf2
 .text          0x00000000000001ca       0x58 /usr/lib/gcc/avr/4.7.2/avr5/libgcc.a(_lt_sf.o)
                0x00000000000001ca                __ltsf2
 .text          0x0000000000000222       0xb6 /usr/lib/gcc/avr/4.7.2/avr5/libgcc.a(_si_to_sf.o)
                0x0000000000000222                __floatsisf
 .text          0x00000000000002d8      0x194 /usr/lib/gcc/avr/4.7.2/avr5/libgcc.a(_pack_sf.o)
                0x00000000000002d8                __pack_f
 .text          0x000000000000046c       0xde /usr/lib/gcc/avr/4.7.2/avr5/libgcc.a(_unpack_sf.o)
                0x000000000000046c                __unpack_f
 .text          0x000000000000054a       0xc2 /usr/lib/gcc/avr/4.7.2/avr5/libgcc.a(_fpcmp_parts_sf.o)
                0x000000000000054a                __fpcmp_parts_f
                0x000000000000060c                . = ALIGN (0x2)
 *(.text.*)
 .text.SetupHardware
                0x000000000000060c       0x4a main.o
                0x000000000000060c                SetupHardware
 .text.startup.main
                0x0000000000000656        0xc main.o
                0x0000000000000656                main
 .text.EVENT_USB_Device_Connect
                0x0000000000000662        0x2 main.o
                0x0000000000000662                EVENT_USB_Device_Connect
 .text.EVENT_USB_Device_Disconnect
                0x0000000000000664        0x2 main.o
                0x0000000000000664                EVENT_USB_Device_Disconnect
 .text.EVENT_USB_Device_ConfigurationChanged
                0x0000000000000666       0x2a main.o
                0x0000000000000666                EVENT_USB_Device_ConfigurationChanged
 .text.EVENT_USB_Device_ControlRequest
                0x0000000000000690       0x74 main.o
                0x0000000000000690                EVENT_USB_Device_ControlRequest
 .text.CALLBACK_USB_GetDescriptor
                0x0000000000000704       0x7a Descriptors.o
                0x0000000000000704                CALLBACK_USB_GetDescriptor
 .text.Endpoint_ConfigureEndpoint_Prv
                0x000000000000077e       0x6e LUFA/Drivers/USB/Core/AVR8/Endpoint_AVR8.o
                0x000000000000077e                Endpoint_ConfigureEndpoint_Prv
 .text.Endpoint_ClearStatusStage
                0x00000000000007ec       0x42 LUFA/Drivers/USB/Core/AVR8/Endpoint_AVR8.o
                0x00000000000007ec                Endpoint_ClearStatusStage
 .text.__vector_10
                0x000000000000082e      0x182 LUFA/Drivers/USB/Core/AVR8/USBInterrupt_AVR8.o
                0x000000000000082e                __vector_10
 .text.Endpoint_Write_Control_Stream_LE
                0x00000000000009b0       0xbe LUFA/Drivers/USB/Core/AVR8/EndpointStream_AVR8.o
                0x00000000000009b0                Endpoint_Write_Control_Stream_LE
 .text.Endpoint_Read_Control_Stream_LE
                0x0000000000000a6e       0x8e LUFA/Drivers/USB/Core/AVR8/EndpointStream_AVR8.o
                0x0000000000000a6e                Endpoint_Read_Control_Stream_LE
 .text.Endpoint_Write_Control_PStream_LE
                0x0000000000000afc       0xc0 LUFA/Drivers/USB/Core/AVR8/EndpointStream_AVR8.o
                0x0000000000000afc                Endpoint_Write_Control_PStream_LE
 .text.USB_Device_ProcessControlRequest
                0x0000000000000bbc      0x2d0 LUFA/Drivers/USB/Core/DeviceStandardReq.o
                0x0000000000000bbc                USB_Device_ProcessControlRequest
 .text.USB_Event_Stub
                0x0000000000000e8c        0x2 LUFA/Drivers/USB/Core/Events.o
                0x0000000000000e8c                EVENT_USB_Device_WakeUp
                0x0000000000000e8c                USB_Event_Stub
                0x0000000000000e8c                EVENT_USB_Device_Suspend
                0x0000000000000e8c                EVENT_USB_Device_StartOfFrame
                0x0000000000000e8c                EVENT_USB_Device_Reset
 .text.USB_USBTask
                0x0000000000000e8e       0x38 LUFA/Drivers/USB/Core/USBTask.o
                0x0000000000000e8e                USB_USBTask
 .text.Serial_SendString
                0x0000000000000ec6       0x18 LUFA/Drivers/Peripheral/AVR8/Serial_AVR8.o
                0x0000000000000ec6                Serial_SendString
 .text.ADC_StartReading
                0x0000000000000ede       0x26 menu.o
 .text.LCDbrightnessUpdate
                0x0000000000000f04       0x34 menu.o
 .text.LCDwrite
                0x0000000000000f38       0x1e menu.o
 .text.LCDnextLine
                0x0000000000000f56       0x1e menu.o
 .text.ButtonManage
                0x0000000000000f74      0x4e6 menu.o
                0x0000000000000f74                ButtonManage
 .text.LCDupdate
                0x000000000000145a       0xb8 menu.o
                0x000000000000145a                LCDupdate
 .text.LCDstart
                0x0000000000001512       0x3c menu.o
                0x0000000000001512                LCDstart
 .text.libgcc.prologue
                0x000000000000154e       0x38 /usr/lib/gcc/avr/4.7.2/avr5/libgcc.a(_prologue.o)
                0x000000000000154e                __prologue_saves__
 .text.libgcc.prologue
                0x0000000000001586       0x36 /usr/lib/gcc/avr/4.7.2/avr5/libgcc.a(_epilogue.o)
                0x0000000000001586                __epilogue_restores__
 .text.libgcc.builtins
                0x00000000000015bc        0xe /usr/lib/gcc/avr/4.7.2/avr5/libgcc.a(_clzsi2.o)
                0x00000000000015bc                __clzsi2
 .text.libgcc.builtins
                0x00000000000015ca       0x24 /usr/lib/gcc/avr/4.7.2/avr5/libgcc.a(_clzhi2.o)
                0x00000000000015ca                __clzhi2
 .text.avr-libc
                0x00000000000015ee       0x42 /usr/lib/gcc/avr/4.7.2/../../../../avr/lib/avr5/libc.a(sprintf.o)
                0x00000000000015ee                sprintf
 .text.avr-libc
                0x0000000000001630      0x39c /usr/lib/gcc/avr/4.7.2/../../../../avr/lib/avr5/libc.a(vfprintf_std.o)
                0x0000000000001630                vfprintf
 .text.avr-libc
                0x00000000000019cc       0x16 /usr/lib/gcc/avr/4.7.2/../../../../avr/lib/avr5/libc.a(strnlen_P.o)
                0x00000000000019cc                strnlen_P
 .text.avr-libc
                0x00000000000019e2       0x16 /usr/lib/gcc/avr/4.7.2/../../../../avr/lib/avr5/libc.a(strnlen.o)
                0x00000000000019e2                strnlen
 .text.avr-libc
                0x00000000000019f8       0x58 /usr/lib/gcc/avr/4.7.2/../../../../avr/lib/avr5/libc.a(fputc.o)
                0x00000000000019f8                fputc
 .text.avr-libc
                0x0000000000001a50       0xbc /usr/lib/gcc/avr/4.7.2/../../../../avr/lib/avr5/libc.a(ultoa_invert.o)
                0x0000000000001a50                __ultoa_invert
                0x0000000000001b0c                . = ALIGN (0x2)
 *(.fini9)
 .fini9         0x0000000000001b0c        0x0 /usr/lib/gcc/avr/4.7.2/avr5/libgcc.a(_exit.o)
                0x0000000000001b0c                exit
                0x0000000000001b0c                _exit
 *(.fini9)
 *(.fini8)
 *(.fini8)
 *(.fini7)
 *(.fini7)
 *(.fini6)
 *(.fini6)
 *(.fini5)
 *(.fini5)
 *(.fini4)
 *(.fini4)
 *(.fini3)
 *(.fini3)
 *(.fini2)
 *(.fini2)
 *(.fini1)
 *(.fini1)
 *(.fini0)
 .fini0         0x0000000000001b0c        0x4 /usr/lib/gcc/avr/4.7.2/avr5/libgcc.a(_exit.o)
 *(.fini0)
                0x0000000000001b10                _etext = .

.data           0x0000000000800100       0x6c load address 0x0000000000001b10
                0x0000000000800100                PROVIDE (__data_start, .)
 *(.data)
 .data          0x0000000000800100        0x0 /usr/lib/gcc/avr/4.7.2/../../../../avr/lib/avr5/crtm32u4.o
 .data          0x0000000000800100        0x7 main.o
 .data          0x0000000000800107        0x0 Descriptors.o
 .data          0x0000000000800107        0x0 LUFA/Drivers/USB/Core/AVR8/Device_AVR8.o
 .data          0x0000000000800107        0x0 LUFA/Drivers/USB/Core/AVR8/Endpoint_AVR8.o
 .data          0x0000000000800107        0x0 LUFA/Drivers/USB/Core/AVR8/Host_AVR8.o
 .data          0x0000000000800107        0x0 LUFA/Drivers/USB/Core/AVR8/Pipe_AVR8.o
 .data          0x0000000000800107        0x0 LUFA/Drivers/USB/Core/AVR8/USBController_AVR8.o
 .data          0x0000000000800107        0x0 LUFA/Drivers/USB/Core/AVR8/USBInterrupt_AVR8.o
 .data          0x0000000000800107        0x0 LUFA/Drivers/USB/Core/AVR8/EndpointStream_AVR8.o
 .data          0x0000000000800107        0x0 LUFA/Drivers/USB/Core/AVR8/PipeStream_AVR8.o
 .data          0x0000000000800107        0x0 LUFA/Drivers/USB/Core/ConfigDescriptors.o
 .data          0x0000000000800107        0x0 LUFA/Drivers/USB/Core/DeviceStandardReq.o
 .data          0x0000000000800107        0x0 LUFA/Drivers/USB/Core/Events.o
 .data          0x0000000000800107        0x0 LUFA/Drivers/USB/Core/HostStandardReq.o
 .data          0x0000000000800107        0x0 LUFA/Drivers/USB/Core/USBTask.o
 .data          0x0000000000800107        0x0 LUFA/Drivers/USB/Class/Common/HIDParser.o
 .data          0x0000000000800107        0x0 LUFA/Drivers/Peripheral/AVR8/Serial_AVR8.o
 .data          0x0000000000800107        0x4 menu.o
 .data          0x000000000080010b        0x0 /usr/lib/gcc/avr/4.7.2/avr5/libgcc.a(_exit.o)
 .data          0x000000000080010b        0x0 /usr/lib/gcc/avr/4.7.2/avr5/libgcc.a(_copy_data.o)
 .data          0x000000000080010b        0x0 /usr/lib/gcc/avr/4.7.2/avr5/libgcc.a(_clear_bss.o)
 .data          0x000000000080010b        0x0 /usr/lib/gcc/avr/4.7.2/avr5/libgcc.a(_ge_sf.o)
 .data          0x000000000080010b        0x0 /usr/lib/gcc/avr/4.7.2/avr5/libgcc.a(_lt_sf.o)
 .data          0x000000000080010b        0x0 /usr/lib/gcc/avr/4.7.2/avr5/libgcc.a(_si_to_sf.o)
 .data          0x000000000080010b        0x0 /usr/lib/gcc/avr/4.7.2/avr5/libgcc.a(_prologue.o)
 .data          0x000000000080010b        0x0 /usr/lib/gcc/avr/4.7.2/avr5/libgcc.a(_epilogue.o)
 .data          0x000000000080010b        0x0 /usr/lib/gcc/avr/4.7.2/avr5/libgcc.a(_clzsi2.o)
 .data          0x000000000080010b        0x0 /usr/lib/gcc/avr/4.7.2/avr5/libgcc.a(_clzhi2.o)
 .data          0x000000000080010b        0x0 /usr/lib/gcc/avr/4.7.2/avr5/libgcc.a(_pack_sf.o)
 .data          0x000000000080010b        0x0 /usr/lib/gcc/avr/4.7.2/avr5/libgcc.a(_unpack_sf.o)
 .data          0x000000000080010b        0x0 /usr/lib/gcc/avr/4.7.2/avr5/libgcc.a(_fpcmp_parts_sf.o)
 .data          0x000000000080010b        0x0 /usr/lib/gcc/avr/4.7.2/../../../../avr/lib/avr5/libc.a(iob.o)
 .data          0x000000000080010b        0x0 /usr/lib/gcc/avr/4.7.2/../../../../avr/lib/avr5/libc.a(sprintf.o)
 .data          0x000000000080010b        0x0 /usr/lib/gcc/avr/4.7.2/../../../../avr/lib/avr5/libc.a(vfprintf_std.o)
 .data          0x000000000080010b        0x0 /usr/lib/gcc/avr/4.7.2/../../../../avr/lib/avr5/libc.a(eerd_byte_atmega32u4.o)
 .data          0x000000000080010b        0x0 /usr/lib/gcc/avr/4.7.2/../../../../avr/lib/avr5/libc.a(eeupd_byte_atmega32u4.o)
 .data          0x000000000080010b        0x0 /usr/lib/gcc/avr/4.7.2/../../../../avr/lib/avr5/libc.a(strnlen_P.o)
 .data          0x000000000080010b        0x0 /usr/lib/gcc/avr/4.7.2/../../../../avr/lib/avr5/libc.a(strnlen.o)
 .data          0x000000000080010b        0x0 /usr/lib/gcc/avr/4.7.2/../../../../avr/lib/avr5/libc.a(fputc.o)
 .data          0x000000000080010b        0x0 /usr/lib/gcc/avr/4.7.2/../../../../avr/lib/avr5/libc.a(ultoa_invert.o)
 *(.data*)
 *(.rodata)
 *(.rodata*)
 .rodata.str1.1
                0x000000000080010b       0x61 menu.o
 *(.gnu.linkonce.d*)
                0x000000000080016c                . = ALIGN (0x2)
                0x000000000080016c                _edata = .
                0x000000000080016c                PROVIDE (__data_end, .)

.bss            0x000000000080016c       0x1d
                0x000000000080016c                PROVIDE (__bss_start, .)
 *(.bss)
 .bss           0x000000000080016c       0x10 menu.o
 *(.bss*)
 *(COMMON)
 COMMON         0x000000000080017c        0x3 LUFA/Drivers/USB/Core/DeviceStandardReq.o
                0x000000000080017c                USB_Device_ConfigurationNumber
                0x000000000080017d                USB_Device_CurrentlySelfPowered
                0x000000000080017e                USB_Device_RemoteWakeupEnabled
 COMMON         0x000000000080017f        0xa LUFA/Drivers/USB/Core/USBTask.o
                0x000000000080017f                USB_IsInitialized
                0x0000000000800180                USB_DeviceState
                0x0000000000800181                USB_ControlRequest
                0x0000000000800189                PROVIDE (__bss_end, .)
                0x0000000000001b10                __data_load_start = LOADADDR (.data)
                0x0000000000001b7c                __data_load_end = (__data_load_start + SIZEOF (.data))

.noinit         0x0000000000800189        0x0
                0x0000000000800189                PROVIDE (__noinit_start, .)
 *(.noinit*)
                0x0000000000800189                PROVIDE (__noinit_end, .)
                0x0000000000800189                _end = .
                0x0000000000800189                PROVIDE (__heap_start, .)

.eeprom         0x0000000000810000        0x0
 *(.eeprom*)
                0x0000000000810000                __eeprom_end = .

.fuse
 *(.fuse)
 *(.lfuse)
 *(.hfuse)
 *(.efuse)

.lock
 *(.lock*)

.signature
 *(.signature*)

.stab           0x0000000000000000     0x39c0
 *(.stab)
 .stab          0x0000000000000000      0x6cc /usr/lib/gcc/avr/4.7.2/../../../../avr/lib/avr5/crtm32u4.o
 .stab          0x00000000000006cc       0x6c /usr/lib/gcc/avr/4.7.2/avr5/libgcc.a(_exit.o)
                                         0x78 (size before relaxing)
 .stab          0x0000000000000738       0xd8 /usr/lib/gcc/avr/4.7.2/avr5/libgcc.a(_copy_data.o)
                                         0xe4 (size before relaxing)
 .stab          0x0000000000000810       0xb4 /usr/lib/gcc/avr/4.7.2/avr5/libgcc.a(_clear_bss.o)
                                         0xc0 (size before relaxing)
 .stab          0x00000000000008c4      0x4c8 /usr/lib/gcc/avr/4.7.2/avr5/libgcc.a(_ge_sf.o)
                                        0x4d4 (size before relaxing)
 .stab          0x0000000000000d8c      0x258 /usr/lib/gcc/avr/4.7.2/avr5/libgcc.a(_lt_sf.o)
                                        0x4d4 (size before relaxing)
 .stab          0x0000000000000fe4      0x2f4 /usr/lib/gcc/avr/4.7.2/avr5/libgcc.a(_si_to_sf.o)
                                        0x570 (size before relaxing)
 .stab          0x00000000000012d8      0x1a4 /usr/lib/gcc/avr/4.7.2/avr5/libgcc.a(_prologue.o)
                                        0x1b0 (size before relaxing)
 .stab          0x000000000000147c      0x1a4 /usr/lib/gcc/avr/4.7.2/avr5/libgcc.a(_epilogue.o)
                                        0x1b0 (size before relaxing)
 .stab          0x0000000000001620       0xb4 /usr/lib/gcc/avr/4.7.2/avr5/libgcc.a(_clzsi2.o)
                                         0xc0 (size before relaxing)
 .stab          0x00000000000016d4      0x12c /usr/lib/gcc/avr/4.7.2/avr5/libgcc.a(_clzhi2.o)
                                        0x138 (size before relaxing)
 .stab          0x0000000000001800      0x39c /usr/lib/gcc/avr/4.7.2/avr5/libgcc.a(_pack_sf.o)
                                        0x618 (size before relaxing)
 .stab          0x0000000000001b9c      0x2e8 /usr/lib/gcc/avr/4.7.2/avr5/libgcc.a(_unpack_sf.o)
                                        0x564 (size before relaxing)
 .stab          0x0000000000001e84      0x2c4 /usr/lib/gcc/avr/4.7.2/avr5/libgcc.a(_fpcmp_parts_sf.o)
                                        0x540 (size before relaxing)
 .stab          0x0000000000002148      0x300 /usr/lib/gcc/avr/4.7.2/../../../../avr/lib/avr5/libc.a(iob.o)
                                        0x30c (size before relaxing)
 .stab          0x0000000000002448      0x204 /usr/lib/gcc/avr/4.7.2/../../../../avr/lib/avr5/libc.a(sprintf.o)
                                        0x3e4 (size before relaxing)
 .stab          0x000000000000264c      0xa44 /usr/lib/gcc/avr/4.7.2/../../../../avr/lib/avr5/libc.a(vfprintf_std.o)
                                        0xc24 (size before relaxing)
 .stab          0x0000000000003090       0x90 /usr/lib/gcc/avr/4.7.2/../../../../avr/lib/avr5/libc.a(eerd_byte_atmega32u4.o)
                                         0x9c (size before relaxing)
 .stab          0x0000000000003120      0x114 /usr/lib/gcc/avr/4.7.2/../../../../avr/lib/avr5/libc.a(eeupd_byte_atmega32u4.o)
                                        0x120 (size before relaxing)
 .stab          0x0000000000003234       0x9c /usr/lib/gcc/avr/4.7.2/../../../../avr/lib/avr5/libc.a(strnlen_P.o)
                                         0xa8 (size before relaxing)
 .stab          0x00000000000032d0       0x9c /usr/lib/gcc/avr/4.7.2/../../../../avr/lib/avr5/libc.a(strnlen.o)
                                         0xa8 (size before relaxing)
 .stab          0x000000000000336c      0x1d4 /usr/lib/gcc/avr/4.7.2/../../../../avr/lib/avr5/libc.a(fputc.o)
                                        0x3b4 (size before relaxing)
 .stab          0x0000000000003540      0x480 /usr/lib/gcc/avr/4.7.2/../../../../avr/lib/avr5/libc.a(ultoa_invert.o)
                                        0x48c (size before relaxing)

.stabstr        0x0000000000000000     0x72b0
 *(.stabstr)
 .stabstr       0x0000000000000000     0x72b0 /usr/lib/gcc/avr/4.7.2/../../../../avr/lib/avr5/crtm32u4.o

.stab.excl
 *(.stab.excl)

.stab.exclstr
 *(.stab.exclstr)

.stab.index
 *(.stab.index)

.stab.indexstr
 *(.stab.indexstr)

.comment        0x0000000000000000       0x22
 *(.comment)
 .comment       0x0000000000000000       0x11 main.o
                                         0x12 (size before relaxing)
 .comment       0x0000000000000000       0x12 Descriptors.o
 .comment       0x0000000000000000       0x12 LUFA/Drivers/USB/Core/AVR8/Device_AVR8.o
 .comment       0x0000000000000000       0x12 LUFA/Drivers/USB/Core/AVR8/Endpoint_AVR8.o
 .comment       0x0000000000000000       0x12 LUFA/Drivers/USB/Core/AVR8/Host_AVR8.o
 .comment       0x0000000000000000       0x12 LUFA/Drivers/USB/Core/AVR8/Pipe_AVR8.o
 .comment       0x0000000000000000       0x12 LUFA/Drivers/USB/Core/AVR8/USBController_AVR8.o
 .comment       0x0000000000000000       0x12 LUFA/Drivers/USB/Core/AVR8/USBInterrupt_AVR8.o
 .comment       0x0000000000000000       0x12 LUFA/Drivers/USB/Core/AVR8/EndpointStream_AVR8.o
 .comment       0x0000000000000000       0x12 LUFA/Drivers/USB/Core/AVR8/PipeStream_AVR8.o
 .comment       0x0000000000000000       0x12 LUFA/Drivers/USB/Core/ConfigDescriptors.o
 .comment       0x0000000000000000       0x12 LUFA/Drivers/USB/Core/DeviceStandardReq.o
 .comment       0x0000000000000000       0x12 LUFA/Drivers/USB/Core/Events.o
 .comment       0x0000000000000000       0x12 LUFA/Drivers/USB/Core/HostStandardReq.o
 .comment       0x0000000000000000       0x12 LUFA/Drivers/USB/Core/USBTask.o
 .comment       0x0000000000000000       0x12 LUFA/Drivers/USB/Class/Common/HIDParser.o
 .comment       0x0000000000000000       0x12 LUFA/Drivers/Peripheral/AVR8/Serial_AVR8.o
 .comment       0x0000000000000000       0x12 menu.o
 .comment       0x0000000000000000       0x12 /usr/lib/gcc/avr/4.7.2/avr5/libgcc.a(_ge_sf.o)
 .comment       0x0000000000000000       0x12 /usr/lib/gcc/avr/4.7.2/avr5/libgcc.a(_lt_sf.o)
 .comment       0x0000000000000000       0x12 /usr/lib/gcc/avr/4.7.2/avr5/libgcc.a(_si_to_sf.o)
 .comment       0x0000000000000000       0x12 /usr/lib/gcc/avr/4.7.2/avr5/libgcc.a(_pack_sf.o)
 .comment       0x0000000000000000       0x12 /usr/lib/gcc/avr/4.7.2/avr5/libgcc.a(_unpack_sf.o)
 .comment       0x0000000000000000       0x12 /usr/lib/gcc/avr/4.7.2/avr5/libgcc.a(_fpcmp_parts_sf.o)
 .comment       0x0000000000000011       0x11 /usr/lib/gcc/avr/4.7.2/../../../../avr/lib/avr5/libc.a(iob.o)
                                         0x12 (size before relaxing)
 .comment       0x0000000000000000       0x12 /usr/lib/gcc/avr/4.7.2/../../../../avr/lib/avr5/libc.a(sprintf.o)
 .comment       0x0000000000000000       0x12 /usr/lib/gcc/avr/4.7.2/../../../../avr/lib/avr5/libc.a(vfprintf_std.o)
 .comment       0x0000000000000000       0x12 /usr/lib/gcc/avr/4.7.2/../../../../avr/lib/avr5/libc.a(fputc.o)

.debug
 *(.debug)

.line
 *(.line)

.debug_srcinfo
 *(.debug_srcinfo)

.debug_sfnames
 *(.debug_sfnames)

.debug_aranges  0x0000000000000000      0x3d0
 *(.debug_aranges)
 .debug_aranges
                0x0000000000000000       0x58 main.o
 .debug_aranges
                0x0000000000000058       0x20 Descriptors.o
 .debug_aranges
                0x0000000000000078       0x20 LUFA/Drivers/USB/Core/AVR8/Device_AVR8.o
 .debug_aranges
                0x0000000000000098       0x40 LUFA/Drivers/USB/Core/AVR8/Endpoint_AVR8.o
 .debug_aranges
                0x00000000000000d8       0x18 LUFA/Drivers/USB/Core/AVR8/Host_AVR8.o
 .debug_aranges
                0x00000000000000f0       0x18 LUFA/Drivers/USB/Core/AVR8/Pipe_AVR8.o
 .debug_aranges
                0x0000000000000108       0x30 LUFA/Drivers/USB/Core/AVR8/USBController_AVR8.o
 .debug_aranges
                0x0000000000000138       0x30 LUFA/Drivers/USB/Core/AVR8/USBInterrupt_AVR8.o
 .debug_aranges
                0x0000000000000168       0xc8 LUFA/Drivers/USB/Core/AVR8/EndpointStream_AVR8.o
 .debug_aranges
                0x0000000000000230       0x18 LUFA/Drivers/USB/Core/AVR8/PipeStream_AVR8.o
 .debug_aranges
                0x0000000000000248       0x40 LUFA/Drivers/USB/Core/ConfigDescriptors.o
 .debug_aranges
                0x0000000000000288       0x20 LUFA/Drivers/USB/Core/DeviceStandardReq.o
 .debug_aranges
                0x00000000000002a8       0x20 LUFA/Drivers/USB/Core/Events.o
 .debug_aranges
                0x00000000000002c8       0x20 LUFA/Drivers/USB/Core/USBTask.o
 .debug_aranges
                0x00000000000002e8       0x38 LUFA/Drivers/USB/Class/Common/HIDParser.o
 .debug_aranges
                0x0000000000000320       0x58 LUFA/Drivers/Peripheral/AVR8/Serial_AVR8.o
 .debug_aranges
                0x0000000000000378       0x58 menu.o

.debug_pubnames
 *(.debug_pubnames)

.debug_info     0x0000000000000000     0x615e
 *(.debug_info)
 .debug_info    0x0000000000000000      0x8d9 main.o
 .debug_info    0x00000000000008d9      0x752 Descriptors.o
 .debug_info    0x000000000000102b       0xd2 LUFA/Drivers/USB/Core/AVR8/Device_AVR8.o
 .debug_info    0x00000000000010fd      0x61b LUFA/Drivers/USB/Core/AVR8/Endpoint_AVR8.o
 .debug_info    0x0000000000001718       0x56 LUFA/Drivers/USB/Core/AVR8/Host_AVR8.o
 .debug_info    0x000000000000176e       0x56 LUFA/Drivers/USB/Core/AVR8/Pipe_AVR8.o
 .debug_info    0x00000000000017c4      0x4cc LUFA/Drivers/USB/Core/AVR8/USBController_AVR8.o
 .debug_info    0x0000000000001c90      0x664 LUFA/Drivers/USB/Core/AVR8/USBInterrupt_AVR8.o
 .debug_info    0x00000000000022f4     0x17ad LUFA/Drivers/USB/Core/AVR8/EndpointStream_AVR8.o
 .debug_info    0x0000000000003aa1       0x56 LUFA/Drivers/USB/Core/AVR8/PipeStream_AVR8.o
 .debug_info    0x0000000000003af7      0x3c9 LUFA/Drivers/USB/Core/ConfigDescriptors.o
 .debug_info    0x0000000000003ec0      0xa7f LUFA/Drivers/USB/Core/DeviceStandardReq.o
 .debug_info    0x000000000000493f       0x78 LUFA/Drivers/USB/Core/Events.o
 .debug_info    0x00000000000049b7      0x26d LUFA/Drivers/USB/Core/USBTask.o
 .debug_info    0x0000000000004c24      0x738 LUFA/Drivers/USB/Class/Common/HIDParser.o
 .debug_info    0x000000000000535c      0x445 LUFA/Drivers/Peripheral/AVR8/Serial_AVR8.o
 .debug_info    0x00000000000057a1      0x9bd menu.o
 *(.gnu.linkonce.wi.*)

.debug_abbrev   0x0000000000000000     0x19ea
 *(.debug_abbrev)
 .debug_abbrev  0x0000000000000000      0x320 main.o
 .debug_abbrev  0x0000000000000320      0x14e Descriptors.o
 .debug_abbrev  0x000000000000046e       0x80 LUFA/Drivers/USB/Core/AVR8/Device_AVR8.o
 .debug_abbrev  0x00000000000004ee      0x222 LUFA/Drivers/USB/Core/AVR8/Endpoint_AVR8.o
 .debug_abbrev  0x0000000000000710       0x26 LUFA/Drivers/USB/Core/AVR8/Host_AVR8.o
 .debug_abbrev  0x0000000000000736       0x26 LUFA/Drivers/USB/Core/AVR8/Pipe_AVR8.o
 .debug_abbrev  0x000000000000075c      0x1a5 LUFA/Drivers/USB/Core/AVR8/USBController_AVR8.o
 .debug_abbrev  0x0000000000000901      0x1e4 LUFA/Drivers/USB/Core/AVR8/USBInterrupt_AVR8.o
 .debug_abbrev  0x0000000000000ae5      0x22b LUFA/Drivers/USB/Core/AVR8/EndpointStream_AVR8.o
 .debug_abbrev  0x0000000000000d10       0x26 LUFA/Drivers/USB/Core/AVR8/PipeStream_AVR8.o
 .debug_abbrev  0x0000000000000d36      0x176 LUFA/Drivers/USB/Core/ConfigDescriptors.o
 .debug_abbrev  0x0000000000000eac      0x29e LUFA/Drivers/USB/Core/DeviceStandardReq.o
 .debug_abbrev  0x000000000000114a       0x44 LUFA/Drivers/USB/Core/Events.o
 .debug_abbrev  0x000000000000118e      0x16a LUFA/Drivers/USB/Core/USBTask.o
 .debug_abbrev  0x00000000000012f8      0x22b LUFA/Drivers/USB/Class/Common/HIDParser.o
 .debug_abbrev  0x0000000000001523      0x1d5 LUFA/Drivers/Peripheral/AVR8/Serial_AVR8.o
 .debug_abbrev  0x00000000000016f8      0x2f2 menu.o

.debug_line     0x0000000000000000     0x282c
 *(.debug_line)
 .debug_line    0x0000000000000000      0x342 main.o
 .debug_line    0x0000000000000342      0x16e Descriptors.o
 .debug_line    0x00000000000004b0       0xf9 LUFA/Drivers/USB/Core/AVR8/Device_AVR8.o
 .debug_line    0x00000000000005a9      0x324 LUFA/Drivers/USB/Core/AVR8/Endpoint_AVR8.o
 .debug_line    0x00000000000008cd       0x1d LUFA/Drivers/USB/Core/AVR8/Host_AVR8.o
 .debug_line    0x00000000000008ea       0x1d LUFA/Drivers/USB/Core/AVR8/Pipe_AVR8.o
 .debug_line    0x0000000000000907      0x220 LUFA/Drivers/USB/Core/AVR8/USBController_AVR8.o
 .debug_line    0x0000000000000b27      0x34f LUFA/Drivers/USB/Core/AVR8/USBInterrupt_AVR8.o
 .debug_line    0x0000000000000e76      0xc2a LUFA/Drivers/USB/Core/AVR8/EndpointStream_AVR8.o
 .debug_line    0x0000000000001aa0       0x1d LUFA/Drivers/USB/Core/AVR8/PipeStream_AVR8.o
 .debug_line    0x0000000000001abd      0x15b LUFA/Drivers/USB/Core/ConfigDescriptors.o
 .debug_line    0x0000000000001c18      0x30f LUFA/Drivers/USB/Core/DeviceStandardReq.o
 .debug_line    0x0000000000001f27       0x4e LUFA/Drivers/USB/Core/Events.o
 .debug_line    0x0000000000001f75        0x0 LUFA/Drivers/USB/Core/HostStandardReq.o
 .debug_line    0x0000000000001f75      0x13e LUFA/Drivers/USB/Core/USBTask.o
 .debug_line    0x00000000000020b3      0x236 LUFA/Drivers/USB/Class/Common/HIDParser.o
 .debug_line    0x00000000000022e9      0x1e4 LUFA/Drivers/Peripheral/AVR8/Serial_AVR8.o
 .debug_line    0x00000000000024cd      0x35f menu.o

.debug_frame    0x0000000000000000      0xaac
 *(.debug_frame)
 .debug_frame   0x0000000000000000       0x94 main.o
 .debug_frame   0x0000000000000094       0x24 Descriptors.o
 .debug_frame   0x00000000000000b8       0x24 LUFA/Drivers/USB/Core/AVR8/Device_AVR8.o
 .debug_frame   0x00000000000000dc       0x78 LUFA/Drivers/USB/Core/AVR8/Endpoint_AVR8.o
 .debug_frame   0x0000000000000154       0x58 LUFA/Drivers/USB/Core/AVR8/USBController_AVR8.o
 .debug_frame   0x00000000000001ac       0x8c LUFA/Drivers/USB/Core/AVR8/USBInterrupt_AVR8.o
 .debug_frame   0x0000000000000238      0x42c LUFA/Drivers/USB/Core/AVR8/EndpointStream_AVR8.o
 .debug_frame   0x0000000000000664      0x108 LUFA/Drivers/USB/Core/ConfigDescriptors.o
 .debug_frame   0x000000000000076c       0x48 LUFA/Drivers/USB/Core/DeviceStandardReq.o
 .debug_frame   0x00000000000007b4       0x24 LUFA/Drivers/USB/Core/Events.o
 .debug_frame   0x00000000000007d8       0x2c LUFA/Drivers/USB/Core/USBTask.o
 .debug_frame   0x0000000000000804      0x114 LUFA/Drivers/USB/Class/Common/HIDParser.o
 .debug_frame   0x0000000000000918       0x94 LUFA/Drivers/Peripheral/AVR8/Serial_AVR8.o
 .debug_frame   0x00000000000009ac      0x100 menu.o

.debug_str      0x0000000000000000     0x2994
 *(.debug_str)
 .debug_str     0x0000000000000000      0x6b7 main.o
                                        0x733 (size before relaxing)
 .debug_str     0x00000000000006b7      0x8b3 Descriptors.o
                                        0x9ee (size before relaxing)
 .debug_str     0x0000000000000f6a       0x71 LUFA/Drivers/USB/Core/AVR8/Device_AVR8.o
                                        0x11b (size before relaxing)
 .debug_str     0x0000000000000fdb      0x272 LUFA/Drivers/USB/Core/AVR8/Endpoint_AVR8.o
                                        0x53d (size before relaxing)
 .debug_str     0x000000000000124d       0x27 LUFA/Drivers/USB/Core/AVR8/Host_AVR8.o
                                         0xba (size before relaxing)
 .debug_str     0x0000000000001274       0x27 LUFA/Drivers/USB/Core/AVR8/Pipe_AVR8.o
                                         0xba (size before relaxing)
 .debug_str     0x000000000000129b      0x27f LUFA/Drivers/USB/Core/AVR8/USBController_AVR8.o
                                        0x47c (size before relaxing)
 .debug_str     0x000000000000151a      0x111 LUFA/Drivers/USB/Core/AVR8/USBInterrupt_AVR8.o
                                        0x451 (size before relaxing)
 .debug_str     0x000000000000162b      0x4b0 LUFA/Drivers/USB/Core/AVR8/EndpointStream_AVR8.o
                                        0x78a (size before relaxing)
 .debug_str     0x0000000000001adb       0x2d LUFA/Drivers/USB/Core/AVR8/PipeStream_AVR8.o
                                         0xc0 (size before relaxing)
 .debug_str     0x0000000000001b08      0x221 LUFA/Drivers/USB/Core/ConfigDescriptors.o
                                        0x303 (size before relaxing)
 .debug_str     0x0000000000001d29      0x3f7 LUFA/Drivers/USB/Core/DeviceStandardReq.o
                                        0x8d5 (size before relaxing)
 .debug_str     0x0000000000002120       0x2e LUFA/Drivers/USB/Core/Events.o
                                         0xc1 (size before relaxing)
 .debug_str     0x000000000000214e       0x58 LUFA/Drivers/USB/Core/USBTask.o
                                        0x2a2 (size before relaxing)
 .debug_str     0x00000000000021a6      0x49f LUFA/Drivers/USB/Class/Common/HIDParser.o
                                        0x5df (size before relaxing)
 .debug_str     0x0000000000002645      0x157 LUFA/Drivers/Peripheral/AVR8/Serial_AVR8.o
                                        0x23f (size before relaxing)
 .debug_str     0x000000000000279c      0x1f8 menu.o
                                        0x362 (size before relaxing)

.debug_loc      0x0000000000000000     0x41ca
 *(.debug_loc)
 .debug_loc     0x0000000000000000       0x75 main.o
 .debug_loc     0x0000000000000075      0x1f0 Descriptors.o
 .debug_loc     0x0000000000000265      0x3f7 LUFA/Drivers/USB/Core/AVR8/Endpoint_AVR8.o
 .debug_loc     0x000000000000065c       0x49 LUFA/Drivers/USB/Core/AVR8/USBController_AVR8.o
 .debug_loc     0x00000000000006a5      0x247 LUFA/Drivers/USB/Core/AVR8/USBInterrupt_AVR8.o
 .debug_loc     0x00000000000008ec     0x1f31 LUFA/Drivers/USB/Core/AVR8/EndpointStream_AVR8.o
 .debug_loc     0x000000000000281d      0x5bd LUFA/Drivers/USB/Core/ConfigDescriptors.o
 .debug_loc     0x0000000000002dda      0x2f0 LUFA/Drivers/USB/Core/DeviceStandardReq.o
 .debug_loc     0x00000000000030ca       0x49 LUFA/Drivers/USB/Core/USBTask.o
 .debug_loc     0x0000000000003113      0x928 LUFA/Drivers/USB/Class/Common/HIDParser.o
 .debug_loc     0x0000000000003a3b      0x172 LUFA/Drivers/Peripheral/AVR8/Serial_AVR8.o
 .debug_loc     0x0000000000003bad      0x61d menu.o

.debug_macinfo
 *(.debug_macinfo)

.debug_pubtypes
 *(.debug_pubtypes)

.debug_ranges   0x0000000000000000      0x750
 *(.debug_ranges)
 .debug_ranges  0x0000000000000000       0x60 main.o
 .debug_ranges  0x0000000000000060       0x10 Descriptors.o
 .debug_ranges  0x0000000000000070       0x10 LUFA/Drivers/USB/Core/AVR8/Device_AVR8.o
 .debug_ranges  0x0000000000000080       0x98 LUFA/Drivers/USB/Core/AVR8/Endpoint_AVR8.o
 .debug_ranges  0x0000000000000118       0x20 LUFA/Drivers/USB/Core/AVR8/USBController_AVR8.o
 .debug_ranges  0x0000000000000138       0x38 LUFA/Drivers/USB/Core/AVR8/USBInterrupt_AVR8.o
 .debug_ranges  0x0000000000000170      0x2c8 LUFA/Drivers/USB/Core/AVR8/EndpointStream_AVR8.o
 .debug_ranges  0x0000000000000438       0x30 LUFA/Drivers/USB/Core/ConfigDescriptors.o
 .debug_ranges  0x0000000000000468       0x28 LUFA/Drivers/USB/Core/DeviceStandardReq.o
 .debug_ranges  0x0000000000000490       0x10 LUFA/Drivers/USB/Core/Events.o
 .debug_ranges  0x00000000000004a0       0x10 LUFA/Drivers/USB/Core/USBTask.o
 .debug_ranges  0x00000000000004b0       0xc8 LUFA/Drivers/USB/Class/Common/HIDParser.o
 .debug_ranges  0x0000000000000578       0x60 LUFA/Drivers/Peripheral/AVR8/Serial_AVR8.o
 .debug_ranges  0x00000000000005d8      0x178 menu.o

.debug_macro
 *(.debug_macro)
OUTPUT(main.elf elf32-avr)
LOAD linker stubs

Cross Reference Table

Symbol                                            File
ButtonManage                                      menu.o
                                                  main.o
CALLBACK_HIDParser_FilterHIDReportItem            LUFA/Drivers/USB/Class/Common/HIDParser.o
CALLBACK_USB_GetDescriptor                        Descriptors.o
                                                  LUFA/Drivers/USB/Core/DeviceStandardReq.o
CDCrecieve                                        main.o
CDCsend                                           main.o
ConfigurationDescriptor                           Descriptors.o
DeviceDescriptor                                  Descriptors.o
EVENT_USB_Device_ConfigurationChanged             main.o
                                                  LUFA/Drivers/USB/Core/DeviceStandardReq.o
EVENT_USB_Device_Connect                          main.o
                                                  LUFA/Drivers/USB/Core/AVR8/USBInterrupt_AVR8.o
EVENT_USB_Device_ControlRequest                   main.o
                                                  LUFA/Drivers/USB/Core/DeviceStandardReq.o
EVENT_USB_Device_Disconnect                       main.o
                                                  LUFA/Drivers/USB/Core/AVR8/USBInterrupt_AVR8.o
EVENT_USB_Device_Reset                            LUFA/Drivers/USB/Core/Events.o
                                                  LUFA/Drivers/USB/Core/AVR8/USBInterrupt_AVR8.o
EVENT_USB_Device_StartOfFrame                     LUFA/Drivers/USB/Core/Events.o
                                                  LUFA/Drivers/USB/Core/AVR8/USBInterrupt_AVR8.o
EVENT_USB_Device_Suspend                          LUFA/Drivers/USB/Core/Events.o
                                                  LUFA/Drivers/USB/Core/AVR8/USBInterrupt_AVR8.o
EVENT_USB_Device_WakeUp                           LUFA/Drivers/USB/Core/Events.o
                                                  LUFA/Drivers/USB/Core/AVR8/USBInterrupt_AVR8.o
Endpoint_ClearEndpoints                           LUFA/Drivers/USB/Core/AVR8/Endpoint_AVR8.o
Endpoint_ClearStatusStage                         LUFA/Drivers/USB/Core/AVR8/Endpoint_AVR8.o
                                                  LUFA/Drivers/USB/Core/DeviceStandardReq.o
                                                  main.o
Endpoint_ConfigureEndpointTable                   LUFA/Drivers/USB/Core/AVR8/Endpoint_AVR8.o
Endpoint_ConfigureEndpoint_Prv                    LUFA/Drivers/USB/Core/AVR8/Endpoint_AVR8.o
                                                  LUFA/Drivers/USB/Core/AVR8/USBInterrupt_AVR8.o
                                                  LUFA/Drivers/USB/Core/AVR8/USBController_AVR8.o
                                                  main.o
Endpoint_Discard_Stream                           LUFA/Drivers/USB/Core/AVR8/EndpointStream_AVR8.o
Endpoint_Null_Stream                              LUFA/Drivers/USB/Core/AVR8/EndpointStream_AVR8.o
Endpoint_Read_Control_EStream_BE                  LUFA/Drivers/USB/Core/AVR8/EndpointStream_AVR8.o
Endpoint_Read_Control_EStream_LE                  LUFA/Drivers/USB/Core/AVR8/EndpointStream_AVR8.o
Endpoint_Read_Control_Stream_BE                   LUFA/Drivers/USB/Core/AVR8/EndpointStream_AVR8.o
Endpoint_Read_Control_Stream_LE                   LUFA/Drivers/USB/Core/AVR8/EndpointStream_AVR8.o
                                                  main.o
Endpoint_Read_EStream_BE                          LUFA/Drivers/USB/Core/AVR8/EndpointStream_AVR8.o
Endpoint_Read_EStream_LE                          LUFA/Drivers/USB/Core/AVR8/EndpointStream_AVR8.o
Endpoint_Read_Stream_BE                           LUFA/Drivers/USB/Core/AVR8/EndpointStream_AVR8.o
Endpoint_Read_Stream_LE                           LUFA/Drivers/USB/Core/AVR8/EndpointStream_AVR8.o
Endpoint_WaitUntilReady                           LUFA/Drivers/USB/Core/AVR8/Endpoint_AVR8.o
                                                  LUFA/Drivers/USB/Core/AVR8/EndpointStream_AVR8.o
                                                  main.o
Endpoint_Write_Control_EStream_BE                 LUFA/Drivers/USB/Core/AVR8/EndpointStream_AVR8.o
Endpoint_Write_Control_EStream_LE                 LUFA/Drivers/USB/Core/AVR8/EndpointStream_AVR8.o
Endpoint_Write_Control_PStream_BE                 LUFA/Drivers/USB/Core/AVR8/EndpointStream_AVR8.o
Endpoint_Write_Control_PStream_LE                 LUFA/Drivers/USB/Core/AVR8/EndpointStream_AVR8.o
                                                  LUFA/Drivers/USB/Core/DeviceStandardReq.o
Endpoint_Write_Control_Stream_BE                  LUFA/Drivers/USB/Core/AVR8/EndpointStream_AVR8.o
Endpoint_Write_Control_Stream_LE                  LUFA/Drivers/USB/Core/AVR8/EndpointStream_AVR8.o
                                                  LUFA/Drivers/USB/Core/DeviceStandardReq.o
                                                  main.o
Endpoint_Write_EStream_BE                         LUFA/Drivers/USB/Core/AVR8/EndpointStream_AVR8.o
Endpoint_Write_EStream_LE                         LUFA/Drivers/USB/Core/AVR8/EndpointStream_AVR8.o
Endpoint_Write_PStream_BE                         LUFA/Drivers/USB/Core/AVR8/EndpointStream_AVR8.o
Endpoint_Write_PStream_LE                         LUFA/Drivers/USB/Core/AVR8/EndpointStream_AVR8.o
Endpoint_Write_Stream_BE                          LUFA/Drivers/USB/Core/AVR8/EndpointStream_AVR8.o
Endpoint_Write_Stream_LE                          LUFA/Drivers/USB/Core/AVR8/EndpointStream_AVR8.o
                                                  main.o
LCDstart                                          menu.o
                                                  main.o
LCDupdate                                         menu.o
                                                  main.o
LanguageString                                    Descriptors.o
ManufacturerString                                Descriptors.o
ProductString                                     Descriptors.o
Serial_CreateBlockingStream                       LUFA/Drivers/Peripheral/AVR8/Serial_AVR8.o
Serial_CreateStream                               LUFA/Drivers/Peripheral/AVR8/Serial_AVR8.o
Serial_SendData                                   LUFA/Drivers/Peripheral/AVR8/Serial_AVR8.o
Serial_SendString                                 LUFA/Drivers/Peripheral/AVR8/Serial_AVR8.o
                                                  menu.o
Serial_SendString_P                               LUFA/Drivers/Peripheral/AVR8/Serial_AVR8.o
Serial_getchar                                    LUFA/Drivers/Peripheral/AVR8/Serial_AVR8.o
Serial_getchar_Blocking                           LUFA/Drivers/Peripheral/AVR8/Serial_AVR8.o
Serial_putchar                                    LUFA/Drivers/Peripheral/AVR8/Serial_AVR8.o
SetupHardware                                     main.o
USARTSerialStream                                 LUFA/Drivers/Peripheral/AVR8/Serial_AVR8.o
USB_ControlRequest                                LUFA/Drivers/USB/Core/USBTask.o
                                                  LUFA/Drivers/USB/Core/DeviceStandardReq.o
                                                  LUFA/Drivers/USB/Core/AVR8/EndpointStream_AVR8.o
                                                  LUFA/Drivers/USB/Core/AVR8/Endpoint_AVR8.o
                                                  main.o
USB_DeviceState                                   LUFA/Drivers/USB/Core/USBTask.o
                                                  LUFA/Drivers/USB/Core/DeviceStandardReq.o
                                                  LUFA/Drivers/USB/Core/AVR8/EndpointStream_AVR8.o
                                                  LUFA/Drivers/USB/Core/AVR8/USBInterrupt_AVR8.o
                                                  LUFA/Drivers/USB/Core/AVR8/USBController_AVR8.o
                                                  LUFA/Drivers/USB/Core/AVR8/Endpoint_AVR8.o
                                                  main.o
USB_Device_ConfigurationNumber                    LUFA/Drivers/USB/Core/DeviceStandardReq.o
                                                  LUFA/Drivers/USB/Core/AVR8/USBInterrupt_AVR8.o
                                                  LUFA/Drivers/USB/Core/AVR8/USBController_AVR8.o
USB_Device_CurrentlySelfPowered                   LUFA/Drivers/USB/Core/DeviceStandardReq.o
                                                  LUFA/Drivers/USB/Core/AVR8/USBController_AVR8.o
USB_Device_ProcessControlRequest                  LUFA/Drivers/USB/Core/DeviceStandardReq.o
                                                  LUFA/Drivers/USB/Core/USBTask.o
USB_Device_RemoteWakeupEnabled                    LUFA/Drivers/USB/Core/DeviceStandardReq.o
                                                  LUFA/Drivers/USB/Core/AVR8/USBController_AVR8.o
USB_Device_SendRemoteWakeup                       LUFA/Drivers/USB/Core/AVR8/Device_AVR8.o
USB_Disable                                       LUFA/Drivers/USB/Core/AVR8/USBController_AVR8.o
USB_Event_Stub                                    LUFA/Drivers/USB/Core/Events.o
USB_GetHIDReportItemInfo                          LUFA/Drivers/USB/Class/Common/HIDParser.o
USB_GetHIDReportSize                              LUFA/Drivers/USB/Class/Common/HIDParser.o
USB_GetNextDescriptorComp                         LUFA/Drivers/USB/Core/ConfigDescriptors.o
USB_GetNextDescriptorOfType                       LUFA/Drivers/USB/Core/ConfigDescriptors.o
USB_GetNextDescriptorOfTypeAfter                  LUFA/Drivers/USB/Core/ConfigDescriptors.o
USB_GetNextDescriptorOfTypeBefore                 LUFA/Drivers/USB/Core/ConfigDescriptors.o
USB_INT_ClearAllInterrupts                        LUFA/Drivers/USB/Core/AVR8/USBInterrupt_AVR8.o
                                                  LUFA/Drivers/USB/Core/AVR8/USBController_AVR8.o
USB_INT_DisableAllInterrupts                      LUFA/Drivers/USB/Core/AVR8/USBInterrupt_AVR8.o
                                                  LUFA/Drivers/USB/Core/AVR8/USBController_AVR8.o
USB_Init                                          LUFA/Drivers/USB/Core/AVR8/USBController_AVR8.o
USB_IsInitialized                                 LUFA/Drivers/USB/Core/USBTask.o
                                                  LUFA/Drivers/USB/Core/AVR8/USBController_AVR8.o
USB_ProcessHIDReport                              LUFA/Drivers/USB/Class/Common/HIDParser.o
USB_ResetInterface                                LUFA/Drivers/USB/Core/AVR8/USBController_AVR8.o
USB_SetHIDReportItemInfo                          LUFA/Drivers/USB/Class/Common/HIDParser.o
USB_USBTask                                       LUFA/Drivers/USB/Core/USBTask.o
                                                  LUFA/Drivers/USB/Core/AVR8/EndpointStream_AVR8.o
                                                  main.o
__bad_interrupt                                   /usr/lib/gcc/avr/4.7.2/../../../../avr/lib/avr5/crtm32u4.o
__bss_end                                         /usr/lib/gcc/avr/4.7.2/avr5/libgcc.a(_clear_bss.o)
__bss_start                                       /usr/lib/gcc/avr/4.7.2/avr5/libgcc.a(_clear_bss.o)
__clzhi2                                          /usr/lib/gcc/avr/4.7.2/avr5/libgcc.a(_clzhi2.o)
                                                  /usr/lib/gcc/avr/4.7.2/avr5/libgcc.a(_clzsi2.o)
__clzsi2                                          /usr/lib/gcc/avr/4.7.2/avr5/libgcc.a(_clzsi2.o)
                                                  /usr/lib/gcc/avr/4.7.2/avr5/libgcc.a(_si_to_sf.o)
__data_end                                        /usr/lib/gcc/avr/4.7.2/avr5/libgcc.a(_copy_data.o)
__data_load_start                                 /usr/lib/gcc/avr/4.7.2/avr5/libgcc.a(_copy_data.o)
__data_start                                      /usr/lib/gcc/avr/4.7.2/avr5/libgcc.a(_copy_data.o)
__do_clear_bss                                    /usr/lib/gcc/avr/4.7.2/avr5/libgcc.a(_clear_bss.o)
                                                  /usr/lib/gcc/avr/4.7.2/../../../../avr/lib/avr5/libc.a(iob.o)
                                                  menu.o
                                                  LUFA/Drivers/Peripheral/AVR8/Serial_AVR8.o
                                                  LUFA/Drivers/USB/Core/USBTask.o
                                                  LUFA/Drivers/USB/Core/DeviceStandardReq.o
                                                  main.o
__do_copy_data                                    /usr/lib/gcc/avr/4.7.2/avr5/libgcc.a(_copy_data.o)
                                                  menu.o
                                                  main.o
__eerd_byte_m32u4                                 /usr/lib/gcc/avr/4.7.2/../../../../avr/lib/avr5/libc.a(eerd_byte_atmega32u4.o)
                                                  LUFA/Drivers/USB/Core/AVR8/EndpointStream_AVR8.o
__eeupd_byte_m32u4                                /usr/lib/gcc/avr/4.7.2/../../../../avr/lib/avr5/libc.a(eeupd_byte_atmega32u4.o)
                                                  LUFA/Drivers/USB/Core/AVR8/EndpointStream_AVR8.o
__eeupd_r18_m32u4                                 /usr/lib/gcc/avr/4.7.2/../../../../avr/lib/avr5/libc.a(eeupd_byte_atmega32u4.o)
__epilogue_restores__                             /usr/lib/gcc/avr/4.7.2/avr5/libgcc.a(_epilogue.o)
                                                  /usr/lib/gcc/avr/4.7.2/../../../../avr/lib/avr5/libc.a(vfprintf_std.o)
                                                  /usr/lib/gcc/avr/4.7.2/../../../../avr/lib/avr5/libc.a(sprintf.o)
                                                  /usr/lib/gcc/avr/4.7.2/avr5/libgcc.a(_si_to_sf.o)
                                                  /usr/lib/gcc/avr/4.7.2/avr5/libgcc.a(_lt_sf.o)
                                                  /usr/lib/gcc/avr/4.7.2/avr5/libgcc.a(_ge_sf.o)
__floatsisf                                       /usr/lib/gcc/avr/4.7.2/avr5/libgcc.a(_si_to_sf.o)
                                                  menu.o
__fpcmp_parts_f                                   /usr/lib/gcc/avr/4.7.2/avr5/libgcc.a(_fpcmp_parts_sf.o)
                                                  /usr/lib/gcc/avr/4.7.2/avr5/libgcc.a(_lt_sf.o)
                                                  /usr/lib/gcc/avr/4.7.2/avr5/libgcc.a(_ge_sf.o)
__gesf2                                           /usr/lib/gcc/avr/4.7.2/avr5/libgcc.a(_ge_sf.o)
                                                  menu.o
__heap_end                                        /usr/lib/gcc/avr/4.7.2/../../../../avr/lib/avr5/crtm32u4.o
__init                                            /usr/lib/gcc/avr/4.7.2/../../../../avr/lib/avr5/crtm32u4.o
__iob                                             /usr/lib/gcc/avr/4.7.2/../../../../avr/lib/avr5/libc.a(iob.o)
                                                  LUFA/Drivers/Peripheral/AVR8/Serial_AVR8.o
__ltsf2                                           /usr/lib/gcc/avr/4.7.2/avr5/libgcc.a(_lt_sf.o)
                                                  menu.o
__pack_f                                          /usr/lib/gcc/avr/4.7.2/avr5/libgcc.a(_pack_sf.o)
                                                  /usr/lib/gcc/avr/4.7.2/avr5/libgcc.a(_si_to_sf.o)
__prologue_saves__                                /usr/lib/gcc/avr/4.7.2/avr5/libgcc.a(_prologue.o)
                                                  /usr/lib/gcc/avr/4.7.2/../../../../avr/lib/avr5/libc.a(vfprintf_std.o)
                                                  /usr/lib/gcc/avr/4.7.2/../../../../avr/lib/avr5/libc.a(sprintf.o)
                                                  /usr/lib/gcc/avr/4.7.2/avr5/libgcc.a(_si_to_sf.o)
                                                  /usr/lib/gcc/avr/4.7.2/avr5/libgcc.a(_lt_sf.o)
                                                  /usr/lib/gcc/avr/4.7.2/avr5/libgcc.a(_ge_sf.o)
__stack                                           /usr/lib/gcc/avr/4.7.2/../../../../avr/lib/avr5/crtm32u4.o
__ultoa_invert                                    /usr/lib/gcc/avr/4.7.2/../../../../avr/lib/avr5/libc.a(ultoa_invert.o)
                                                  /usr/lib/gcc/avr/4.7.2/../../../../avr/lib/avr5/libc.a(vfprintf_std.o)
__unpack_f                                        /usr/lib/gcc/avr/4.7.2/avr5/libgcc.a(_unpack_sf.o)
                                                  /usr/lib/gcc/avr/4.7.2/avr5/libgcc.a(_lt_sf.o)
                                                  /usr/lib/gcc/avr/4.7.2/avr5/libgcc.a(_ge_sf.o)
__vector_1                                        /usr/lib/gcc/avr/4.7.2/../../../../avr/lib/avr5/crtm32u4.o
__vector_10                                       LUFA/Drivers/USB/Core/AVR8/USBInterrupt_AVR8.o
                                                  /usr/lib/gcc/avr/4.7.2/../../../../avr/lib/avr5/crtm32u4.o
__vector_11                                       /usr/lib/gcc/avr/4.7.2/../../../../avr/lib/avr5/crtm32u4.o
__vector_12                                       /usr/lib/gcc/avr/4.7.2/../../../../avr/lib/avr5/crtm32u4.o
__vector_13                                       /usr/lib/gcc/avr/4.7.2/../../../../avr/lib/avr5/crtm32u4.o
__vector_14                                       /usr/lib/gcc/avr/4.7.2/../../../../avr/lib/avr5/crtm32u4.o
__vector_15                                       /usr/lib/gcc/avr/4.7.2/../../../../avr/lib/avr5/crtm32u4.o
__vector_16                                       /usr/lib/gcc/avr/4.7.2/../../../../avr/lib/avr5/crtm32u4.o
__vector_17                                       /usr/lib/gcc/avr/4.7.2/../../../../avr/lib/avr5/crtm32u4.o
__vector_18                                       /usr/lib/gcc/avr/4.7.2/../../../../avr/lib/avr5/crtm32u4.o
__vector_19                                       /usr/lib/gcc/avr/4.7.2/../../../../avr/lib/avr5/crtm32u4.o
__vector_2                                        /usr/lib/gcc/avr/4.7.2/../../../../avr/lib/avr5/crtm32u4.o
__vector_20                                       /usr/lib/gcc/avr/4.7.2/../../../../avr/lib/avr5/crtm32u4.o
__vector_21                                       /usr/lib/gcc/avr/4.7.2/../../../../avr/lib/avr5/crtm32u4.o
__vector_22                                       /usr/lib/gcc/avr/4.7.2/../../../../avr/lib/avr5/crtm32u4.o
__vector_23                                       /usr/lib/gcc/avr/4.7.2/../../../../avr/lib/avr5/crtm32u4.o
__vector_24                                       /usr/lib/gcc/avr/4.7.2/../../../../avr/lib/avr5/crtm32u4.o
__vector_25                                       /usr/lib/gcc/avr/4.7.2/../../../../avr/lib/avr5/crtm32u4.o
__vector_26                                       /usr/lib/gcc/avr/4.7.2/../../../../avr/lib/avr5/crtm32u4.o
__vector_27                                       /usr/lib/gcc/avr/4.7.2/../../../../avr/lib/avr5/crtm32u4.o
__vector_28                                       /usr/lib/gcc/avr/4.7.2/../../../../avr/lib/avr5/crtm32u4.o
__vector_29                                       /usr/lib/gcc/avr/4.7.2/../../../../avr/lib/avr5/crtm32u4.o
__vector_3                                        /usr/lib/gcc/avr/4.7.2/../../../../avr/lib/avr5/crtm32u4.o
__vector_30                                       /usr/lib/gcc/avr/4.7.2/../../../../avr/lib/avr5/crtm32u4.o
__vector_31                                       /usr/lib/gcc/avr/4.7.2/../../../../avr/lib/avr5/crtm32u4.o
__vector_32                                       /usr/lib/gcc/avr/4.7.2/../../../../avr/lib/avr5/crtm32u4.o
__vector_33                                       /usr/lib/gcc/avr/4.7.2/../../../../avr/lib/avr5/crtm32u4.o
__vector_34                                       /usr/lib/gcc/avr/4.7.2/../../../../avr/lib/avr5/crtm32u4.o
__vector_35                                       /usr/lib/gcc/avr/4.7.2/../../../../avr/lib/avr5/crtm32u4.o
__vector_36                                       /usr/lib/gcc/avr/4.7.2/../../../../avr/lib/avr5/crtm32u4.o
__vector_37                                       /usr/lib/gcc/avr/4.7.2/../../../../avr/lib/avr5/crtm32u4.o
__vector_38                                       /usr/lib/gcc/avr/4.7.2/../../../../avr/lib/avr5/crtm32u4.o
__vector_39                                       /usr/lib/gcc/avr/4.7.2/../../../../avr/lib/avr5/crtm32u4.o
__vector_4                                        /usr/lib/gcc/avr/4.7.2/../../../../avr/lib/avr5/crtm32u4.o
__vector_40                                       /usr/lib/gcc/avr/4.7.2/../../../../avr/lib/avr5/crtm32u4.o
__vector_41                                       /usr/lib/gcc/avr/4.7.2/../../../../avr/lib/avr5/crtm32u4.o
__vector_42                                       /usr/lib/gcc/avr/4.7.2/../../../../avr/lib/avr5/crtm32u4.o
__vector_5                                        /usr/lib/gcc/avr/4.7.2/../../../../avr/lib/avr5/crtm32u4.o
__vector_6                                        /usr/lib/gcc/avr/4.7.2/../../../../avr/lib/avr5/crtm32u4.o
__vector_7                                        /usr/lib/gcc/avr/4.7.2/../../../../avr/lib/avr5/crtm32u4.o
__vector_8                                        /usr/lib/gcc/avr/4.7.2/../../../../avr/lib/avr5/crtm32u4.o
__vector_9                                        /usr/lib/gcc/avr/4.7.2/../../../../avr/lib/avr5/crtm32u4.o
__vector_default                                  /usr/lib/gcc/avr/4.7.2/../../../../avr/lib/avr5/crtm32u4.o
__vectors                                         /usr/lib/gcc/avr/4.7.2/../../../../avr/lib/avr5/crtm32u4.o
_exit                                             /usr/lib/gcc/avr/4.7.2/avr5/libgcc.a(_exit.o)
exit                                              /usr/lib/gcc/avr/4.7.2/avr5/libgcc.a(_exit.o)
                                                  /usr/lib/gcc/avr/4.7.2/../../../../avr/lib/avr5/crtm32u4.o
fputc                                             /usr/lib/gcc/avr/4.7.2/../../../../avr/lib/avr5/libc.a(fputc.o)
                                                  /usr/lib/gcc/avr/4.7.2/../../../../avr/lib/avr5/libc.a(vfprintf_std.o)
main                                              main.o
                                                  /usr/lib/gcc/avr/4.7.2/../../../../avr/lib/avr5/crtm32u4.o
sprintf                                           /usr/lib/gcc/avr/4.7.2/../../../../avr/lib/avr5/libc.a(sprintf.o)
                                                  menu.o
strnlen                                           /usr/lib/gcc/avr/4.7.2/../../../../avr/lib/avr5/libc.a(strnlen.o)
                                                  /usr/lib/gcc/avr/4.7.2/../../../../avr/lib/avr5/libc.a(vfprintf_std.o)
strnlen_P                                         /usr/lib/gcc/avr/4.7.2/../../../../avr/lib/avr5/libc.a(strnlen_P.o)
                                                  /usr/lib/gcc/avr/4.7.2/../../../../avr/lib/avr5/libc.a(vfprintf_std.o)
vfprintf                                          /usr/lib/gcc/avr/4.7.2/../../../../avr/lib/avr5/libc.a(vfprintf_std.o)
                                                  /usr/lib/gcc/avr/4.7.2/../../../../avr/lib/avr5/libc.a(sprintf.o)
